`` Generating dependency: /src/misc/util/utilPrefix.cpp
`` Generating dependency: /src/map/if/acd/ac_wrapper.cpp
`` Generating dependency: /src/opt/rar/rewireMiaig.cpp
`` Generating dependency: /src/opt/eslim/eSLIM.cpp
`` Generating dependency: /src/opt/eslim/eslimCirMan.cpp
`` Generating dependency: /src/opt/eslim/relationGeneration.cpp
`` Generating dependency: /src/opt/eslim/subcircuit.cpp
`` Generating dependency: /src/opt/eslim/relationSynthesiser.cpp
`` Generating dependency: /src/opt/eslim/areaEngine.cpp
`` Generating dependency: /src/opt/eslim/delayEngine.cpp
`` Generating dependency: /src/opt/ufar/UfarCmd.cpp
`` Generating dependency: /src/opt/ufar/UfarPth.cpp
`` Generating dependency: /src/opt/ufar/UfarMgr.cpp
`` Generating dependency: /src/opt/untk/NtkCmd.cpp
`` Generating dependency: /src/opt/untk/Netlist.cpp
`` Generating dependency: /src/opt/untk/NtkNtk.cpp
`` Generating dependency: /src/opt/util/util.cpp
`` Generating dependency: /src/sat/glucose/AbcGlucose.cpp
`` Generating dependency: /src/sat/glucose/AbcGlucoseCmd.cpp
`` Generating dependency: /src/sat/glucose/Glucose.cpp
`` Generating dependency: /src/sat/glucose/Options.cpp
`` Generating dependency: /src/sat/glucose/SimpSolver.cpp
`` Generating dependency: /src/sat/glucose/System.cpp
`` Generating dependency: /src/sat/glucose2/AbcGlucose2.cpp
`` Generating dependency: /src/sat/glucose2/AbcGlucoseCmd2.cpp
`` Generating dependency: /src/sat/glucose2/Glucose2.cpp
`` Generating dependency: /src/sat/glucose2/Options2.cpp
`` Generating dependency: /src/sat/glucose2/SimpSolver2.cpp
`` Generating dependency: /src/sat/glucose2/System2.cpp
`` Generating dependency: /src/sat/cadical/cadical_analyze.cpp
`` Generating dependency: /src/sat/cadical/cadical_arena.cpp
`` Generating dependency: /src/sat/cadical/cadical_assume.cpp
`` Generating dependency: /src/sat/cadical/cadical_averages.cpp
`` Generating dependency: /src/sat/cadical/cadical_backbone.cpp
`` Generating dependency: /src/sat/cadical/cadical_backtrack.cpp
`` Generating dependency: /src/sat/cadical/cadical_backward.cpp
`` Generating dependency: /src/sat/cadical/cadical_bins.cpp
`` Generating dependency: /src/sat/cadical/cadical_block.cpp
`` Generating dependency: /src/sat/cadical/cadical_ccadical.cpp
`` Generating dependency: /src/sat/cadical/cadical_checker.cpp
`` Generating dependency: /src/sat/cadical/cadical_clause.cpp
`` Generating dependency: /src/sat/cadical/cadical_collect.cpp
`` Generating dependency: /src/sat/cadical/cadical_compact.cpp
`` Generating dependency: /src/sat/cadical/cadical_condition.cpp
`` Generating dependency: /src/sat/cadical/cadical_config.cpp
`` Generating dependency: /src/sat/cadical/cadical_congruence.cpp
`` Generating dependency: /src/sat/cadical/cadical_constrain.cpp
`` Generating dependency: /src/sat/cadical/cadical_contract.cpp
`` Generating dependency: /src/sat/cadical/cadical_cover.cpp
`` Generating dependency: /src/sat/cadical/cadical_decide.cpp
`` Generating dependency: /src/sat/cadical/cadical_decompose.cpp
`` Generating dependency: /src/sat/cadical/cadical_deduplicate.cpp
`` Generating dependency: /src/sat/cadical/cadical_definition.cpp
`` Generating dependency: /src/sat/cadical/cadical_drattracer.cpp
`` Generating dependency: /src/sat/cadical/cadical_elim.cpp
`` Generating dependency: /src/sat/cadical/cadical_elimfast.cpp
`` Generating dependency: /src/sat/cadical/cadical_ema.cpp
`` Generating dependency: /src/sat/cadical/cadical_extend.cpp
`` Generating dependency: /src/sat/cadical/cadical_external.cpp
`` Generating dependency: /src/sat/cadical/cadical_external_propagate.cpp
`` Generating dependency: /src/sat/cadical/cadical_factor.cpp
`` Generating dependency: /src/sat/cadical/cadical_file.cpp
`` Generating dependency: /src/sat/cadical/cadical_flags.cpp
`` Generating dependency: /src/sat/cadical/cadical_flip.cpp
`` Generating dependency: /src/sat/cadical/cadical_format.cpp
`` Generating dependency: /src/sat/cadical/cadical_frattracer.cpp
`` Generating dependency: /src/sat/cadical/cadical_gates.cpp
`` Generating dependency: /src/sat/cadical/cadical_idruptracer.cpp
`` Generating dependency: /src/sat/cadical/cadical_instantiate.cpp
`` Generating dependency: /src/sat/cadical/cadical_internal.cpp
`` Generating dependency: /src/sat/cadical/cadical_ipasir.cpp
`` Generating dependency: /src/sat/cadical/cadical_lidruptracer.cpp
`` Generating dependency: /src/sat/cadical/cadical_limit.cpp
`` Generating dependency: /src/sat/cadical/cadical_logging.cpp
`` Generating dependency: /src/sat/cadical/cadical_lookahead.cpp
`` Generating dependency: /src/sat/cadical/cadical_lratchecker.cpp
`` Generating dependency: /src/sat/cadical/cadical_lrattracer.cpp
`` Generating dependency: /src/sat/cadical/cadical_lucky.cpp
`` Generating dependency: /src/sat/cadical/cadical_message.cpp
`` Generating dependency: /src/sat/cadical/cadical_minimize.cpp
`` Generating dependency: /src/sat/cadical/cadical_occs.cpp
`` Generating dependency: /src/sat/cadical/cadical_options.cpp
`` Generating dependency: /src/sat/cadical/cadical_parse.cpp
`` Generating dependency: /src/sat/cadical/cadical_phases.cpp
`` Generating dependency: /src/sat/cadical/cadical_probe.cpp
`` Generating dependency: /src/sat/cadical/cadical_profile.cpp
`` Generating dependency: /src/sat/cadical/cadical_proof.cpp
`` Generating dependency: /src/sat/cadical/cadical_propagate.cpp
`` Generating dependency: /src/sat/cadical/cadical_queue.cpp
`` Generating dependency: /src/sat/cadical/cadical_random.cpp
`` Generating dependency: /src/sat/cadical/cadical_reap.cpp
`` Generating dependency: /src/sat/cadical/cadical_reduce.cpp
`` Generating dependency: /src/sat/cadical/cadical_rephase.cpp
`` Generating dependency: /src/sat/cadical/cadical_report.cpp
`` Generating dependency: /src/sat/cadical/cadical_resources.cpp
`` Generating dependency: /src/sat/cadical/cadical_restart.cpp
`` Generating dependency: /src/sat/cadical/cadical_restore.cpp
`` Generating dependency: /src/sat/cadical/cadical_score.cpp
`` Generating dependency: /src/sat/cadical/cadical_shrink.cpp
`` Generating dependency: /src/sat/cadical/cadical_signal.cpp
`` Generating dependency: /src/sat/cadical/cadical_solution.cpp
`` Generating dependency: /src/sat/cadical/cadical_solver.cpp
`` Generating dependency: /src/sat/cadical/cadical_stable.cpp
`` Generating dependency: /src/sat/cadical/cadical_stats.cpp
`` Generating dependency: /src/sat/cadical/cadical_subsume.cpp
`` Generating dependency: /src/sat/cadical/cadical_sweep.cpp
`` Generating dependency: /src/sat/cadical/cadical_terminal.cpp
`` Generating dependency: /src/sat/cadical/cadical_ternary.cpp
`` Generating dependency: /src/sat/cadical/cadical_tier.cpp
`` Generating dependency: /src/sat/cadical/cadical_transred.cpp
`` Generating dependency: /src/sat/cadical/cadical_unstable.cpp
`` Generating dependency: /src/sat/cadical/cadical_util.cpp
`` Generating dependency: /src/sat/cadical/cadical_var.cpp
`` Generating dependency: /src/sat/cadical/cadical_veripbtracer.cpp
`` Generating dependency: /src/sat/cadical/cadical_version.cpp
`` Generating dependency: /src/sat/cadical/cadical_vivify.cpp
`` Generating dependency: /src/sat/cadical/cadical_walk.cpp
`` Generating dependency: /src/sat/cadical/cadical_walk_full_occs.cpp
`` Generating dependency: /src/sat/cadical/cadical_warmup.cpp
`` Generating dependency: /src/sat/cadical/cadical_watch.cpp
`` Generating dependency: /src/aig/gia/giaRrr.cpp
`` Generating dependency: /src/aig/gia/giaTransduction.cpp
`` Generating dependency: /src/aig/gia/giaTtopt.cpp
`` Generating dependency: /src/aig/gia/giaDecGraph.cpp
`` Generating dependency: /src/base/abc/abcAig.c
`` Generating dependency: /src/base/abc/abcBarBuf.c
`` Generating dependency: /src/base/abc/abcBlifMv.c
`` Generating dependency: /src/base/abc/abcCheck.c
`` Generating dependency: /src/base/abc/abcDfs.c
`` Generating dependency: /src/base/abc/abcFanio.c
`` Generating dependency: /src/base/abc/abcFanOrder.c
`` Generating dependency: /src/base/abc/abcFunc.c
`` Generating dependency: /src/base/abc/abcHie.c
`` Generating dependency: /src/base/abc/abcHieCec.c
`` Generating dependency: /src/base/abc/abcHieGia.c
`` Generating dependency: /src/base/abc/abcHieNew.c
`` Generating dependency: /src/base/abc/abcLatch.c
`` Generating dependency: /src/base/abc/abcLib.c
`` Generating dependency: /src/base/abc/abcMinBase.c
`` Generating dependency: /src/base/abc/abcNames.c
`` Generating dependency: /src/base/abc/abcNetlist.c
`` Generating dependency: /src/base/abc/abcNtk.c
`` Generating dependency: /src/base/abc/abcObj.c
`` Generating dependency: /src/base/abc/abcRefs.c
`` Generating dependency: /src/base/abc/abcShow.c
`` Generating dependency: /src/base/abc/abcSop.c
`` Generating dependency: /src/base/abc/abcUtil.c
`` Generating dependency: /src/base/abci/abc.c
`` Generating dependency: /src/base/abci/abcAttach.c
`` Generating dependency: /src/base/abci/abcAuto.c
`` Generating dependency: /src/base/abci/abcBalance.c
`` Generating dependency: /src/base/abci/abcBidec.c
`` Generating dependency: /src/base/abci/abcBm.c
`` Generating dependency: /src/base/abci/abcBmc.c
`` Generating dependency: /src/base/abci/abcCas.c
`` Generating dependency: /src/base/abci/abcCascade.c
`` Generating dependency: /src/base/abci/abcCollapse.c
`` Generating dependency: /src/base/abci/abcCut.c
`` Generating dependency: /src/base/abci/abcDar.c
`` Generating dependency: /src/base/abci/abcDebug.c
`` Generating dependency: /src/base/abci/abcDec.c
`` Generating dependency: /src/base/abci/abcDetect.c
`` Generating dependency: /src/base/abci/abcDress.c
`` Generating dependency: /src/base/abci/abcDress2.c
`` Generating dependency: /src/base/abci/abcDress3.c
`` Generating dependency: /src/base/abci/abcDsd.c
`` Generating dependency: /src/base/abci/abcEco.c
`` Generating dependency: /src/base/abci/abcExact.c
`` Generating dependency: /src/base/abci/abcExtract.c
`` Generating dependency: /src/base/abci/abcFraig.c
`` Generating dependency: /src/base/abci/abcFx.c
`` Generating dependency: /src/base/abci/abcFxu.c
`` Generating dependency: /src/base/abci/abcGen.c
`` Generating dependency: /src/base/abci/abcHaig.c
`` Generating dependency: /src/base/abci/abcIf.c
`` Generating dependency: /src/base/abci/abcIfif.c
`` Generating dependency: /src/base/abci/abcIfMux.c
`` Generating dependency: /src/base/abci/abcIvy.c
`` Generating dependency: /src/base/abci/abcLog.c
`` Generating dependency: /src/base/abci/abcLut.c
`` Generating dependency: /src/base/abci/abcLutmin.c
`` Generating dependency: /src/base/abci/abcMap.c
`` Generating dependency: /src/base/abci/abcMerge.c
`` Generating dependency: /src/base/abci/abcMfs.c
`` Generating dependency: /src/base/abci/abcMini.c
`` Generating dependency: /src/base/abci/abcMiter.c
`` Generating dependency: /src/base/abci/abcMulti.c
`` Generating dependency: /src/base/abci/abcNtbdd.c
`` Generating dependency: /src/base/abci/abcNpn.c
`` Generating dependency: /src/base/abci/abcNpnSave.c
`` Generating dependency: /src/base/abci/abcOrchestration.c
`` Generating dependency: /src/base/abci/abcOdc.c
`` Generating dependency: /src/base/abci/abcOrder.c
`` Generating dependency: /src/base/abci/abcPart.c
`` Generating dependency: /src/base/abci/abcPrint.c
`` Generating dependency: /src/base/abci/abcProve.c
`` Generating dependency: /src/base/abci/abcQbf.c
`` Generating dependency: /src/base/abci/abcQuant.c
`` Generating dependency: /src/base/abci/abcRmInverters.c
`` Generating dependency: /src/base/abci/abcRec3.c
`` Generating dependency: /src/base/abci/abcReconv.c
`` Generating dependency: /src/base/abci/abcReach.c
`` Generating dependency: /src/base/abci/abcRefactor.c
`` Generating dependency: /src/base/abci/abcRenode.c
`` Generating dependency: /src/base/abci/abcReorder.c
`` Generating dependency: /src/base/abci/abcRestruct.c
`` Generating dependency: /src/base/abci/abcResub.c
`` Generating dependency: /src/base/abci/abcRewrite.c
`` Generating dependency: /src/base/abci/abcRpo.c
`` Generating dependency: /src/base/abci/abcRr.c
`` Generating dependency: /src/base/abci/abcRunGen.c
`` Generating dependency: /src/base/abci/abcSat.c
`` Generating dependency: /src/base/abci/abcSaucy.c
`` Generating dependency: /src/base/abci/abcScorr.c
`` Generating dependency: /src/base/abci/abcSense.c
`` Generating dependency: /src/base/abci/abcSpeedup.c
`` Generating dependency: /src/base/abci/abcStrash.c
`` Generating dependency: /src/base/abci/abcSweep.c
`` Generating dependency: /src/base/abci/abcSymm.c
`` Generating dependency: /src/base/abci/abcTim.c
`` Generating dependency: /src/base/abci/abcTiming.c
`` Generating dependency: /src/base/abci/abcTopo.c
`` Generating dependency: /src/base/abci/abcUnate.c
`` Generating dependency: /src/base/abci/abcUnreach.c
`` Generating dependency: /src/base/abci/abcVerify.c
`` Generating dependency: /src/base/abci/abcXsim.c
`` Generating dependency: /src/base/cmd/cmd.c
`` Generating dependency: /src/base/cmd/cmdAlias.c
`` Generating dependency: /src/base/cmd/cmdApi.c
`` Generating dependency: /src/base/cmd/cmdAuto.c
`` Generating dependency: /src/base/cmd/cmdFlag.c
`` Generating dependency: /src/base/cmd/cmdHist.c
`` Generating dependency: /src/base/cmd/cmdLoad.c
`` Generating dependency: /src/base/cmd/cmdPlugin.c
`` Generating dependency: /src/base/cmd/cmdStarter.c
`` Generating dependency: /src/base/cmd/cmdUtils.c
`` Generating dependency: /src/base/io/io.c
`` Generating dependency: /src/base/io/ioJson.c
`` Generating dependency: /src/base/io/ioJsonc.c
`` Generating dependency: /src/base/io/ioReadAiger.c
`` Generating dependency: /src/base/io/ioReadBaf.c
`` Generating dependency: /src/base/io/ioReadBblif.c
`` Generating dependency: /src/base/io/ioReadBench.c
`` Generating dependency: /src/base/io/ioReadBlif.c
`` Generating dependency: /src/base/io/ioReadBlifAig.c
`` Generating dependency: /src/base/io/ioReadBlifMv.c
`` Generating dependency: /src/base/io/ioReadDsd.c
`` Generating dependency: /src/base/io/ioReadEdif.c
`` Generating dependency: /src/base/io/ioReadEqn.c
`` Generating dependency: /src/base/io/ioReadPla.c
`` Generating dependency: /src/base/io/ioReadPlaMo.c
`` Generating dependency: /src/base/io/ioReadVerilog.c
`` Generating dependency: /src/base/io/ioUtil.c
`` Generating dependency: /src/base/io/ioWriteAiger.c
`` Generating dependency: /src/base/io/ioWriteBaf.c
`` Generating dependency: /src/base/io/ioWriteBblif.c
`` Generating dependency: /src/base/io/ioWriteBench.c
`` Generating dependency: /src/base/io/ioWriteBlif.c
`` Generating dependency: /src/base/io/ioWriteBlifMv.c
`` Generating dependency: /src/base/io/ioWriteBook.c
`` Generating dependency: /src/base/io/ioWriteCnf.c
`` Generating dependency: /src/base/io/ioWriteDot.c
`` Generating dependency: /src/base/io/ioWriteEqn.c
`` Generating dependency: /src/base/io/ioWriteEdgelist.c
`` Generating dependency: /src/base/io/ioWriteGml.c
`` Generating dependency: /src/base/io/ioWriteHMetis.c
`` Generating dependency: /src/base/io/ioWriteList.c
`` Generating dependency: /src/base/io/ioWritePla.c
`` Generating dependency: /src/base/io/ioWriteVerilog.c
`` Generating dependency: /src/base/io/ioWriteSmv.c
`` Generating dependency: /src/base/main/main.c
`` Generating dependency: /src/base/main/mainFrame.c
`` Generating dependency: /src/base/main/mainInit.c
`` Generating dependency: /src/base/main/mainLib.c
`` Generating dependency: /src/base/main/mainReal.c
`` Generating dependency: /src/base/main/libSupport.c
`` Generating dependency: /src/base/main/mainUtils.c
`` Generating dependency: /src/base/exor/exor.c
`` Generating dependency: /src/base/exor/exorBits.c
`` Generating dependency: /src/base/exor/exorCubes.c
`` Generating dependency: /src/base/exor/exorLink.c
`` Generating dependency: /src/base/exor/exorList.c
`` Generating dependency: /src/base/exor/exorUtil.c
`` Generating dependency: /src/base/ver/verCore.c
`` Generating dependency: /src/base/ver/verFormula.c
`` Generating dependency: /src/base/ver/verParse.c
`` Generating dependency: /src/base/ver/verStream.c
`` Generating dependency: /src/base/wlc/wlcAbs.c
`` Generating dependency: /src/base/wlc/wlcAbs2.c
`` Generating dependency: /src/base/wlc/wlcAbc.c
`` Generating dependency: /src/base/wlc/wlcPth.c
`` Generating dependency: /src/base/wlc/wlcBlast.c
`` Generating dependency: /src/base/wlc/wlcCom.c
`` Generating dependency: /src/base/wlc/wlcGraft.c
`` Generating dependency: /src/base/wlc/wlcJson.c
`` Generating dependency: /src/base/wlc/wlcMem.c
`` Generating dependency: /src/base/wlc/wlcNdr.c
`` Generating dependency: /src/base/wlc/wlcNtk.c
`` Generating dependency: /src/base/wlc/wlcReadSmt.c
`` Generating dependency: /src/base/wlc/wlcReadVer.c
`` Generating dependency: /src/base/wlc/wlcSim.c
`` Generating dependency: /src/base/wlc/wlcShow.c
`` Generating dependency: /src/base/wlc/wlcStdin.c
`` Generating dependency: /src/base/wlc/wlcUif.c
`` Generating dependency: /src/base/wlc/wlcWin.c
`` Generating dependency: /src/base/wlc/wlcWriteVer.c
`` Generating dependency: /src/base/wln/wln.c
`` Generating dependency: /src/base/wln/wlnBlast.c
`` Generating dependency: /src/base/wln/wlnCom.c
`` Generating dependency: /src/base/wln/wlnGuide.c
`` Generating dependency: /src/base/wln/wlnMem.c
`` Generating dependency: /src/base/wln/wlnNdr.c
`` Generating dependency: /src/base/wln/wlnNtk.c
`` Generating dependency: /src/base/wln/wlnObj.c
`` Generating dependency: /src/base/wln/wlnRead.c
`` Generating dependency: /src/base/wln/wlnRetime.c
`` Generating dependency: /src/base/wln/wlnRtl.c
`` Generating dependency: /src/base/wln/wlnWlc.c
`` Generating dependency: /src/base/wln/wlnWriteVer.c
`` Generating dependency: /src/base/acb/acbAbc.c
`` Generating dependency: /src/base/acb/acbAig.c
`` Generating dependency: /src/base/acb/acbCom.c
`` Generating dependency: /src/base/acb/acbFunc.c
`` Generating dependency: /src/base/acb/acbMfs.c
`` Generating dependency: /src/base/acb/acbPush.c
`` Generating dependency: /src/base/acb/acbSets.c
`` Generating dependency: /src/base/acb/acbTest.c
`` Generating dependency: /src/base/acb/acbUtil.c
`` Generating dependency: /src/base/bac/bacBlast.c
`` Generating dependency: /src/base/bac/bacBac.c
`` Generating dependency: /src/base/bac/bacCom.c
`` Generating dependency: /src/base/bac/bacLib.c
`` Generating dependency: /src/base/bac/bacNtk.c
`` Generating dependency: /src/base/bac/bacPrsBuild.c
`` Generating dependency: /src/base/bac/bacPrsTrans.c
`` Generating dependency: /src/base/bac/bacPtr.c
`` Generating dependency: /src/base/bac/bacPtrAbc.c
`` Generating dependency: /src/base/bac/bacReadBlif.c
`` Generating dependency: /src/base/bac/bacReadSmt.c
`` Generating dependency: /src/base/bac/bacReadVer.c
`` Generating dependency: /src/base/bac/bacWriteBlif.c
`` Generating dependency: /src/base/bac/bacWriteSmt.c
`` Generating dependency: /src/base/bac/bacWriteVer.c
`` Generating dependency: /src/base/cba/cbaBlast.c
`` Generating dependency: /src/base/cba/cbaCba.c
`` Generating dependency: /src/base/cba/cbaCom.c
`` Generating dependency: /src/base/cba/cbaNtk.c
`` Generating dependency: /src/base/cba/cbaReadBlif.c
`` Generating dependency: /src/base/cba/cbaReadVer.c
`` Generating dependency: /src/base/cba/cbaWriteBlif.c
`` Generating dependency: /src/base/cba/cbaWriteVer.c
`` Generating dependency: /src/base/pla/plaCom.c
`` Generating dependency: /src/base/pla/plaHash.c
`` Generating dependency: /src/base/pla/plaMan.c
`` Generating dependency: /src/base/pla/plaMerge.c
`` Generating dependency: /src/base/pla/plaSimple.c
`` Generating dependency: /src/base/pla/plaRead.c
`` Generating dependency: /src/base/pla/plaWrite.c
`` Generating dependency: /src/base/test/test.c
`` Generating dependency: /src/map/mapper/mapper.c
`` Generating dependency: /src/map/mapper/mapperCanon.c
`` Generating dependency: /src/map/mapper/mapperCore.c
`` Generating dependency: /src/map/mapper/mapperCreate.c
`` Generating dependency: /src/map/mapper/mapperCut.c
`` Generating dependency: /src/map/mapper/mapperCutUtils.c
`` Generating dependency: /src/map/mapper/mapperLib.c
`` Generating dependency: /src/map/mapper/mapperMatch.c
`` Generating dependency: /src/map/mapper/mapperRefs.c
`` Generating dependency: /src/map/mapper/mapperSuper.c
`` Generating dependency: /src/map/mapper/mapperSwitch.c
`` Generating dependency: /src/map/mapper/mapperTable.c
`` Generating dependency: /src/map/mapper/mapperTime.c
`` Generating dependency: /src/map/mapper/mapperTree.c
`` Generating dependency: /src/map/mapper/mapperTruth.c
`` Generating dependency: /src/map/mapper/mapperUtils.c
`` Generating dependency: /src/map/mapper/mapperVec.c
`` Generating dependency: /src/map/mio/mio.c
`` Generating dependency: /src/map/mio/mioApi.c
`` Generating dependency: /src/map/mio/mioFunc.c
`` Generating dependency: /src/map/mio/mioParse.c
`` Generating dependency: /src/map/mio/mioRead.c
`` Generating dependency: /src/map/mio/mioSop.c
`` Generating dependency: /src/map/mio/mioUtils.c
`` Generating dependency: /src/map/super/super.c
`` Generating dependency: /src/map/super/superAnd.c
`` Generating dependency: /src/map/super/superGate.c
`` Generating dependency: /src/map/if/ifCom.c
`` Generating dependency: /src/map/if/ifCache.c
`` Generating dependency: /src/map/if/ifCore.c
`` Generating dependency: /src/map/if/ifCut.c
`` Generating dependency: /src/map/if/ifData2.c
`` Generating dependency: /src/map/if/ifDec07.c
`` Generating dependency: /src/map/if/ifDec08.c
`` Generating dependency: /src/map/if/ifDec10.c
`` Generating dependency: /src/map/if/ifDec16.c
`` Generating dependency: /src/map/if/ifDec66.c
`` Generating dependency: /src/map/if/ifDec75.c
`` Generating dependency: /src/map/if/ifDecJ.c
`` Generating dependency: /src/map/if/ifTrace.c
`` Generating dependency: /src/map/if/ifDelay.c
`` Generating dependency: /src/map/if/ifDsd.c
`` Generating dependency: /src/map/if/ifLibBox.c
`` Generating dependency: /src/map/if/ifLibLut.c
`` Generating dependency: /src/map/if/ifMan.c
`` Generating dependency: /src/map/if/ifMap.c
`` Generating dependency: /src/map/if/ifMatch2.c
`` Generating dependency: /src/map/if/ifReduce.c
`` Generating dependency: /src/map/if/ifSat.c
`` Generating dependency: /src/map/if/ifSelect.c
`` Generating dependency: /src/map/if/ifSeq.c
`` Generating dependency: /src/map/if/ifTest.c
`` Generating dependency: /src/map/if/ifTime.c
`` Generating dependency: /src/map/if/ifTruth.c
`` Generating dependency: /src/map/if/ifTune.c
`` Generating dependency: /src/map/if/ifUtil.c
`` Generating dependency: /src/map/amap/amapCore.c
`` Generating dependency: /src/map/amap/amapGraph.c
`` Generating dependency: /src/map/amap/amapLib.c
`` Generating dependency: /src/map/amap/amapLiberty.c
`` Generating dependency: /src/map/amap/amapMan.c
`` Generating dependency: /src/map/amap/amapMatch.c
`` Generating dependency: /src/map/amap/amapMerge.c
`` Generating dependency: /src/map/amap/amapOutput.c
`` Generating dependency: /src/map/amap/amapParse.c
`` Generating dependency: /src/map/amap/amapPerm.c
`` Generating dependency: /src/map/amap/amapRead.c
`` Generating dependency: /src/map/amap/amapRule.c
`` Generating dependency: /src/map/amap/amapUniq.c
`` Generating dependency: /src/map/cov/covBuild.c
`` Generating dependency: /src/map/cov/covCore.c
`` Generating dependency: /src/map/cov/covMan.c
`` Generating dependency: /src/map/cov/covMinEsop.c
`` Generating dependency: /src/map/cov/covMinMan.c
`` Generating dependency: /src/map/cov/covMinSop.c
`` Generating dependency: /src/map/cov/covMinUtil.c
`` Generating dependency: /src/map/scl/scl.c
`` Generating dependency: /src/map/scl/sclBuffer.c
`` Generating dependency: /src/map/scl/sclBufSize.c
`` Generating dependency: /src/map/scl/sclDnsize.c
`` Generating dependency: /src/map/scl/sclLiberty.c
`` Generating dependency: /src/map/scl/sclLibScl.c
`` Generating dependency: /src/map/scl/sclLibUtil.c
`` Generating dependency: /src/map/scl/sclLoad.c
`` Generating dependency: /src/map/scl/sclSize.c
`` Generating dependency: /src/map/scl/sclUpsize.c
`` Generating dependency: /src/map/scl/sclUtil.c
`` Generating dependency: /src/map/mpm/mpmAbc.c
`` Generating dependency: /src/map/mpm/mpmCore.c
`` Generating dependency: /src/map/mpm/mpmDsd.c
`` Generating dependency: /src/map/mpm/mpmGates.c
`` Generating dependency: /src/map/mpm/mpmLib.c
`` Generating dependency: /src/map/mpm/mpmMan.c
`` Generating dependency: /src/map/mpm/mpmMap.c
`` Generating dependency: /src/map/mpm/mpmMig.c
`` Generating dependency: /src/map/mpm/mpmPre.c
`` Generating dependency: /src/map/mpm/mpmTruth.c
`` Generating dependency: /src/map/mpm/mpmUtil.c
`` Generating dependency: /src/map/emap/emap.c
`` Generating dependency: /src/map/emap/emapCore.c
`` Generating dependency: /src/misc/extra/extraUtilBitMatrix.c
`` Generating dependency: /src/misc/extra/extraUtilCanon.c
`` Generating dependency: /src/misc/extra/extraUtilCfs.c
`` Generating dependency: /src/misc/extra/extraUtilCube.c
`` Generating dependency: /src/misc/extra/extraUtilDsd.c
`` Generating dependency: /src/misc/extra/extraUtilEnum.c
`` Generating dependency: /src/misc/extra/extraUtilFile.c
`` Generating dependency: /src/misc/extra/extraUtilGen.c
`` Generating dependency: /src/misc/extra/extraUtilMacc.c
`` Generating dependency: /src/misc/extra/extraUtilMaj.c
`` Generating dependency: /src/misc/extra/extraUtilMemory.c
`` Generating dependency: /src/misc/extra/extraUtilMisc.c
`` Generating dependency: /src/misc/extra/extraUtilMult.c
`` Generating dependency: /src/misc/extra/extraUtilPath.c
`` Generating dependency: /src/misc/extra/extraUtilPerm.c
`` Generating dependency: /src/misc/extra/extraUtilProgress.c
`` Generating dependency: /src/misc/extra/extraUtilReader.c
`` Generating dependency: /src/misc/extra/extraUtilSupp.c
`` Generating dependency: /src/misc/extra/extraUtilTruth.c
`` Generating dependency: /src/misc/extra/extraUtilUtil.c
`` Generating dependency: /src/misc/mvc/mvcApi.c
`` Generating dependency: /src/misc/mvc/mvcCompare.c
`` Generating dependency: /src/misc/mvc/mvcContain.c
`` Generating dependency: /src/misc/mvc/mvcCover.c
`` Generating dependency: /src/misc/mvc/mvcCube.c
`` Generating dependency: /src/misc/mvc/mvcDivide.c
`` Generating dependency: /src/misc/mvc/mvcDivisor.c
`` Generating dependency: /src/misc/mvc/mvcList.c
`` Generating dependency: /src/misc/mvc/mvcLits.c
`` Generating dependency: /src/misc/mvc/mvcMan.c
`` Generating dependency: /src/misc/mvc/mvcOpAlg.c
`` Generating dependency: /src/misc/mvc/mvcOpBool.c
`` Generating dependency: /src/misc/mvc/mvcPrint.c
`` Generating dependency: /src/misc/mvc/mvcSort.c
`` Generating dependency: /src/misc/mvc/mvcUtils.c
`` Generating dependency: /src/misc/st/st.c
`` Generating dependency: /src/misc/st/stmm.c
`` Generating dependency: /src/misc/util/utilAigSim.c
`` Generating dependency: /src/misc/util/utilBridge.c
`` Generating dependency: /src/misc/util/utilBipart.c
`` Generating dependency: /src/misc/util/utilBSet.c
`` Generating dependency: /src/misc/util/utilCex.c
`` Generating dependency: /src/misc/util/utilColor.c
`` Generating dependency: /src/misc/util/utilFile.c
`` Generating dependency: /src/misc/util/utilIsop.c
`` Generating dependency: /src/misc/util/utilLinear.c
`` Generating dependency: /src/misc/util/utilMiniver.c
`` Generating dependency: /src/misc/util/utilMulSim.c
`` Generating dependency: /src/misc/util/utilNam.c
`` Generating dependency: /src/misc/util/utilNet.c
`` Generating dependency: /src/misc/util/utilPth.c
`` Generating dependency: /src/misc/util/utilSignal.c
`` Generating dependency: /src/misc/util/utilSort.c
`` Generating dependency: /src/misc/nm/nmApi.c
`` Generating dependency: /src/misc/nm/nmTable.c
`` Generating dependency: /src/misc/tim/timBox.c
`` Generating dependency: /src/misc/tim/timDump.c
`` Generating dependency: /src/misc/tim/timMan.c
`` Generating dependency: /src/misc/tim/timTime.c
`` Generating dependency: /src/misc/tim/timTrav.c
`` Generating dependency: /src/misc/bzlib/blocksort.c
`` Generating dependency: /src/misc/bzlib/bzlib.c
`` Generating dependency: /src/misc/bzlib/compress.c
`` Generating dependency: /src/misc/bzlib/crctable.c
`` Generating dependency: /src/misc/bzlib/decompress.c
`` Generating dependency: /src/misc/bzlib/huffman.c
`` Generating dependency: /src/misc/bzlib/randtable.c
`` Generating dependency: /src/misc/zlib/adler32.c
`` Generating dependency: /src/misc/zlib/compress_.c
`` Generating dependency: /src/misc/zlib/crc32.c
`` Generating dependency: /src/misc/zlib/deflate.c
`` Generating dependency: /src/misc/zlib/gzclose.c
`` Generating dependency: /src/misc/zlib/gzlib.c
`` Generating dependency: /src/misc/zlib/gzread.c
`` Generating dependency: /src/misc/zlib/gzwrite.c
`` Generating dependency: /src/misc/zlib/infback.c
`` Generating dependency: /src/misc/zlib/inffast.c
`` Generating dependency: /src/misc/zlib/inflate.c
`` Generating dependency: /src/misc/zlib/inftrees.c
`` Generating dependency: /src/misc/zlib/trees.c
`` Generating dependency: /src/misc/zlib/uncompr.c
`` Generating dependency: /src/misc/zlib/zutil.c
`` Generating dependency: /src/misc/mem/mem.c
`` Generating dependency: /src/misc/bar/bar.c
`` Generating dependency: /src/misc/bbl/bblif.c
`` Generating dependency: /src/misc/parse/parseEqn.c
`` Generating dependency: /src/misc/parse/parseStack.c
`` Generating dependency: /src/misc/btor/btor2parser.c
`` Generating dependency: /src/misc/btor/catbtor.c
`` Generating dependency: /src/opt/cut/cutApi.c
`` Generating dependency: /src/opt/cut/cutCut.c
`` Generating dependency: /src/opt/cut/cutMan.c
`` Generating dependency: /src/opt/cut/cutMerge.c
`` Generating dependency: /src/opt/cut/cutNode.c
`` Generating dependency: /src/opt/cut/cutOracle.c
`` Generating dependency: /src/opt/cut/cutPre22.c
`` Generating dependency: /src/opt/cut/cutSeq.c
`` Generating dependency: /src/opt/cut/cutTruth.c
`` Generating dependency: /src/opt/fxu/fxu.c
`` Generating dependency: /src/opt/fxu/fxuCreate.c
`` Generating dependency: /src/opt/fxu/fxuHeapD.c
`` Generating dependency: /src/opt/fxu/fxuHeapS.c
`` Generating dependency: /src/opt/fxu/fxuList.c
`` Generating dependency: /src/opt/fxu/fxuMatrix.c
`` Generating dependency: /src/opt/fxu/fxuPair.c
`` Generating dependency: /src/opt/fxu/fxuPrint.c
`` Generating dependency: /src/opt/fxu/fxuReduce.c
`` Generating dependency: /src/opt/fxu/fxuSelect.c
`` Generating dependency: /src/opt/fxu/fxuSingle.c
`` Generating dependency: /src/opt/fxu/fxuUpdate.c
`` Generating dependency: /src/opt/fxch/Fxch.c
`` Generating dependency: /src/opt/fxch/FxchDiv.c
`` Generating dependency: /src/opt/fxch/FxchMan.c
`` Generating dependency: /src/opt/fxch/FxchSCHashTable.c
`` Generating dependency: /src/opt/rwr/rwrDec.c
`` Generating dependency: /src/opt/rwr/rwrEva.c
`` Generating dependency: /src/opt/rwr/rwrExp.c
`` Generating dependency: /src/opt/rwr/rwrLib.c
`` Generating dependency: /src/opt/rwr/rwrMan.c
`` Generating dependency: /src/opt/rwr/rwrPrint.c
`` Generating dependency: /src/opt/rwr/rwrUtil.c
`` Generating dependency: /src/opt/mfs/mfsCore.c
`` Generating dependency: /src/opt/mfs/mfsDiv.c
`` Generating dependency: /src/opt/mfs/mfsInter.c
`` Generating dependency: /src/opt/mfs/mfsMan.c
`` Generating dependency: /src/opt/mfs/mfsResub.c
`` Generating dependency: /src/opt/mfs/mfsSat.c
`` Generating dependency: /src/opt/mfs/mfsStrash.c
`` Generating dependency: /src/opt/mfs/mfsWin.c
`` Generating dependency: /src/opt/sim/simMan.c
`` Generating dependency: /src/opt/sim/simSeq.c
`` Generating dependency: /src/opt/sim/simSupp.c
`` Generating dependency: /src/opt/sim/simSwitch.c
`` Generating dependency: /src/opt/sim/simSym.c
`` Generating dependency: /src/opt/sim/simSymSat.c
`` Generating dependency: /src/opt/sim/simSymSim.c
`` Generating dependency: /src/opt/sim/simSymStr.c
`` Generating dependency: /src/opt/sim/simUtils.c
`` Generating dependency: /src/opt/ret/retArea.c
`` Generating dependency: /src/opt/ret/retCore.c
`` Generating dependency: /src/opt/ret/retDelay.c
`` Generating dependency: /src/opt/ret/retFlow.c
`` Generating dependency: /src/opt/ret/retIncrem.c
`` Generating dependency: /src/opt/ret/retInit.c
`` Generating dependency: /src/opt/ret/retLvalue.c
`` Generating dependency: /src/opt/fret/fretMain.c
`` Generating dependency: /src/opt/fret/fretFlow.c
`` Generating dependency: /src/opt/fret/fretInit.c
`` Generating dependency: /src/opt/fret/fretTime.c
`` Generating dependency: /src/opt/res/resCore.c
`` Generating dependency: /src/opt/res/resDivs.c
`` Generating dependency: /src/opt/res/resFilter.c
`` Generating dependency: /src/opt/res/resSat.c
`` Generating dependency: /src/opt/res/resSim.c
`` Generating dependency: /src/opt/res/resStrash.c
`` Generating dependency: /src/opt/res/resWin.c
`` Generating dependency: /src/opt/lpk/lpkCore.c
`` Generating dependency: /src/opt/lpk/lpkAbcDec.c
`` Generating dependency: /src/opt/lpk/lpkAbcMux.c
`` Generating dependency: /src/opt/lpk/lpkAbcDsd.c
`` Generating dependency: /src/opt/lpk/lpkAbcUtil.c
`` Generating dependency: /src/opt/lpk/lpkCut.c
`` Generating dependency: /src/opt/lpk/lpkMan.c
`` Generating dependency: /src/opt/lpk/lpkMap.c
`` Generating dependency: /src/opt/lpk/lpkMulti.c
`` Generating dependency: /src/opt/lpk/lpkMux.c
`` Generating dependency: /src/opt/lpk/lpkSets.c
`` Generating dependency: /src/opt/nwk/nwkAig.c
`` Generating dependency: /src/opt/nwk/nwkCheck.c
`` Generating dependency: /src/opt/nwk/nwkBidec.c
`` Generating dependency: /src/opt/nwk/nwkDfs.c
`` Generating dependency: /src/opt/nwk/nwkFanio.c
`` Generating dependency: /src/opt/nwk/nwkFlow.c
`` Generating dependency: /src/opt/nwk/nwkMan.c
`` Generating dependency: /src/opt/nwk/nwkMap.c
`` Generating dependency: /src/opt/nwk/nwkMerge.c
`` Generating dependency: /src/opt/nwk/nwkObj.c
`` Generating dependency: /src/opt/nwk/nwkSpeedup.c
`` Generating dependency: /src/opt/nwk/nwkStrash.c
`` Generating dependency: /src/opt/nwk/nwkTiming.c
`` Generating dependency: /src/opt/nwk/nwkUtil.c
`` Generating dependency: /src/opt/rwt/rwtDec.c
`` Generating dependency: /src/opt/rwt/rwtMan.c
`` Generating dependency: /src/opt/rwt/rwtUtil.c
`` Generating dependency: /src/opt/rar/rewireRng.c
`` Generating dependency: /src/opt/rar/rewireMap.c
`` Generating dependency: /src/opt/rar/rewireRar.c
`` Generating dependency: /src/opt/cgt/cgtAig.c
`` Generating dependency: /src/opt/cgt/cgtCore.c
`` Generating dependency: /src/opt/cgt/cgtDecide.c
`` Generating dependency: /src/opt/cgt/cgtMan.c
`` Generating dependency: /src/opt/cgt/cgtSat.c
`` Generating dependency: /src/opt/csw/cswCore.c
`` Generating dependency: /src/opt/csw/cswCut.c
`` Generating dependency: /src/opt/csw/cswMan.c
`` Generating dependency: /src/opt/csw/cswTable.c
`` Generating dependency: /src/opt/dar/darBalance.c
`` Generating dependency: /src/opt/dar/darCore.c
`` Generating dependency: /src/opt/dar/darCut.c
`` Generating dependency: /src/opt/dar/darData.c
`` Generating dependency: /src/opt/dar/darLib.c
`` Generating dependency: /src/opt/dar/darMan.c
`` Generating dependency: /src/opt/dar/darPrec.c
`` Generating dependency: /src/opt/dar/darRefact.c
`` Generating dependency: /src/opt/dar/darScript.c
`` Generating dependency: /src/opt/dau/dauCanon.c
`` Generating dependency: /src/opt/dau/dauCore.c
`` Generating dependency: /src/opt/dau/dauCount.c
`` Generating dependency: /src/opt/dau/dauDivs.c
`` Generating dependency: /src/opt/dau/dauDsd.c
`` Generating dependency: /src/opt/dau/dauEnum.c
`` Generating dependency: /src/opt/dau/dauGia.c
`` Generating dependency: /src/opt/dau/dauMerge.c
`` Generating dependency: /src/opt/dau/dauNonDsd.c
`` Generating dependency: /src/opt/dau/dauNpn.c
`` Generating dependency: /src/opt/dau/dauNpn2.c
`` Generating dependency: /src/opt/dau/dauTree.c
`` Generating dependency: /src/opt/dsc/dsc.c
`` Generating dependency: /src/opt/sfm/sfmArea.c
`` Generating dependency: /src/opt/sfm/sfmCnf.c
`` Generating dependency: /src/opt/sfm/sfmCore.c
`` Generating dependency: /src/opt/sfm/sfmDec.c
`` Generating dependency: /src/opt/sfm/sfmLib.c
`` Generating dependency: /src/opt/sfm/sfmNtk.c
`` Generating dependency: /src/opt/sfm/sfmSat.c
`` Generating dependency: /src/opt/sfm/sfmTim.c
`` Generating dependency: /src/opt/sfm/sfmMit.c
`` Generating dependency: /src/opt/sfm/sfmWin.c
`` Generating dependency: /src/opt/sbd/sbd.c
`` Generating dependency: /src/opt/sbd/sbdCnf.c
`` Generating dependency: /src/opt/sbd/sbdCore.c
`` Generating dependency: /src/opt/sbd/sbdCut.c
`` Generating dependency: /src/opt/sbd/sbdCut2.c
`` Generating dependency: /src/opt/sbd/sbdLut.c
`` Generating dependency: /src/opt/sbd/sbdPath.c
`` Generating dependency: /src/opt/sbd/sbdSat.c
`` Generating dependency: /src/opt/sbd/sbdWin.c
`` Generating dependency: /src/sat/bsat/satMem.c
`` Generating dependency: /src/sat/bsat/satInter.c
`` Generating dependency: /src/sat/bsat/satInterA.c
`` Generating dependency: /src/sat/bsat/satInterB.c
`` Generating dependency: /src/sat/bsat/satInterP.c
`` Generating dependency: /src/sat/bsat/satProof.c
`` Generating dependency: /src/sat/bsat/satSolver.c
`` Generating dependency: /src/sat/bsat/satSolver2.c
`` Generating dependency: /src/sat/bsat/satSolver2i.c
`` Generating dependency: /src/sat/bsat/satSolver3.c
`` Generating dependency: /src/sat/bsat/satStore.c
`` Generating dependency: /src/sat/bsat/satTrace.c
`` Generating dependency: /src/sat/bsat/satTruth.c
`` Generating dependency: /src/sat/bsat/satUtil.c
`` Generating dependency: /src/sat/xsat/xsatSolver.c
`` Generating dependency: /src/sat/xsat/xsatSolverAPI.c
`` Generating dependency: /src/sat/xsat/xsatCnfReader.c
`` Generating dependency: /src/sat/satoko/solver.c
`` Generating dependency: /src/sat/satoko/solver_api.c
`` Generating dependency: /src/sat/satoko/cnf_reader.c
`` Generating dependency: /src/sat/csat/csat_apis.c
`` Generating dependency: /src/sat/msat/msatActivity.c
`` Generating dependency: /src/sat/msat/msatClause.c
`` Generating dependency: /src/sat/msat/msatClauseVec.c
`` Generating dependency: /src/sat/msat/msatMem.c
`` Generating dependency: /src/sat/msat/msatOrderH.c
`` Generating dependency: /src/sat/msat/msatQueue.c
`` Generating dependency: /src/sat/msat/msatRead.c
`` Generating dependency: /src/sat/msat/msatSolverApi.c
`` Generating dependency: /src/sat/msat/msatSolverCore.c
`` Generating dependency: /src/sat/msat/msatSolverIo.c
`` Generating dependency: /src/sat/msat/msatSolverSearch.c
`` Generating dependency: /src/sat/msat/msatSort.c
`` Generating dependency: /src/sat/msat/msatVec.c
`` Generating dependency: /src/sat/cnf/cnfCore.c
`` Generating dependency: /src/sat/cnf/cnfCut.c
`` Generating dependency: /src/sat/cnf/cnfData.c
`` Generating dependency: /src/sat/cnf/cnfFast.c
`` Generating dependency: /src/sat/cnf/cnfMan.c
`` Generating dependency: /src/sat/cnf/cnfMap.c
`` Generating dependency: /src/sat/cnf/cnfPost.c
`` Generating dependency: /src/sat/cnf/cnfUtil.c
`` Generating dependency: /src/sat/cnf/cnfWrite.c
`` Generating dependency: /src/sat/bmc/bmcBCore.c
`` Generating dependency: /src/sat/bmc/bmcBmc.c
`` Generating dependency: /src/sat/bmc/bmcBmc2.c
`` Generating dependency: /src/sat/bmc/bmcBmc3.c
`` Generating dependency: /src/sat/bmc/bmcBmcAnd.c
`` Generating dependency: /src/sat/bmc/bmcBmci.c
`` Generating dependency: /src/sat/bmc/bmcBmcG.c
`` Generating dependency: /src/sat/bmc/bmcBmcS.c
`` Generating dependency: /src/sat/bmc/bmcCexCare.c
`` Generating dependency: /src/sat/bmc/bmcCexCut.c
`` Generating dependency: /src/sat/bmc/bmcCexDepth.c
`` Generating dependency: /src/sat/bmc/bmcCexMin1.c
`` Generating dependency: /src/sat/bmc/bmcCexMin2.c
`` Generating dependency: /src/sat/bmc/bmcCexTools.c
`` Generating dependency: /src/sat/bmc/bmcChain.c
`` Generating dependency: /src/sat/bmc/bmcClp.c
`` Generating dependency: /src/sat/bmc/bmcEco.c
`` Generating dependency: /src/sat/bmc/bmcExpand.c
`` Generating dependency: /src/sat/bmc/bmcFault.c
`` Generating dependency: /src/sat/bmc/bmcFx.c
`` Generating dependency: /src/sat/bmc/bmcGen.c
`` Generating dependency: /src/sat/bmc/bmcICheck.c
`` Generating dependency: /src/sat/bmc/bmcInse.c
`` Generating dependency: /src/sat/bmc/bmcLoad.c
`` Generating dependency: /src/sat/bmc/bmcMaj.c
`` Generating dependency: /src/sat/bmc/bmcMaj2.c
`` Generating dependency: /src/sat/bmc/bmcMaj3.c
`` Generating dependency: /src/sat/bmc/bmcMaj7.c
`` Generating dependency: /src/sat/bmc/bmcMaj8.c
`` Generating dependency: /src/sat/bmc/bmcMaj9.c
`` Generating dependency: /src/sat/bmc/bmcMaxi.c
`` Generating dependency: /src/sat/bmc/bmcMesh.c
`` Generating dependency: /src/sat/bmc/bmcMesh2.c
`` Generating dependency: /src/sat/bmc/bmcMulti.c
`` Generating dependency: /src/sat/bmc/bmcUnroll.c
`` Generating dependency: /src/sat/kissat/kissatSolver.c
`` Generating dependency: /src/sat/kissat/kissatTest.c
`` Generating dependency: /src/sat/kissat/allocate.c
`` Generating dependency: /src/sat/kissat/analyze.c
`` Generating dependency: /src/sat/kissat/ands.c
`` Generating dependency: /src/sat/kissat/arena.c
`` Generating dependency: /src/sat/kissat/assign.c
`` Generating dependency: /src/sat/kissat/averages.c
`` Generating dependency: /src/sat/kissat/backbone.c
`` Generating dependency: /src/sat/kissat/backtrack.c
`` Generating dependency: /src/sat/kissat/build.c
`` Generating dependency: /src/sat/kissat/bump.c
`` Generating dependency: /src/sat/kissat/check.c
`` Generating dependency: /src/sat/kissat/classify.c
`` Generating dependency: /src/sat/kissat/clause.c
`` Generating dependency: /src/sat/kissat/collect.c
`` Generating dependency: /src/sat/kissat/colors.c
`` Generating dependency: /src/sat/kissat/compact.c
`` Generating dependency: /src/sat/kissat/config.c
`` Generating dependency: /src/sat/kissat/congruence.c
`` Generating dependency: /src/sat/kissat/decide.c
`` Generating dependency: /src/sat/kissat/deduce.c
`` Generating dependency: /src/sat/kissat/definition.c
`` Generating dependency: /src/sat/kissat/dense.c
`` Generating dependency: /src/sat/kissat/dump.c
`` Generating dependency: /src/sat/kissat/eliminate.c
`` Generating dependency: /src/sat/kissat/equivalences.c
`` Generating dependency: /src/sat/kissat/error.c
`` Generating dependency: /src/sat/kissat/extend.c
`` Generating dependency: /src/sat/kissat/factor.c
`` Generating dependency: /src/sat/kissat/fastel.c
`` Generating dependency: /src/sat/kissat/file.c
`` Generating dependency: /src/sat/kissat/flags.c
`` Generating dependency: /src/sat/kissat/format.c
`` Generating dependency: /src/sat/kissat/forward.c
`` Generating dependency: /src/sat/kissat/gates.c
`` Generating dependency: /src/sat/kissat/heap.c
`` Generating dependency: /src/sat/kissat/ifthenelse.c
`` Generating dependency: /src/sat/kissat/import.c
`` Generating dependency: /src/sat/kissat/internal.c
`` Generating dependency: /src/sat/kissat/kimits.c
`` Generating dependency: /src/sat/kissat/kitten.c
`` Generating dependency: /src/sat/kissat/krite.c
`` Generating dependency: /src/sat/kissat/learn.c
`` Generating dependency: /src/sat/kissat/logging.c
`` Generating dependency: /src/sat/kissat/kucky.c
`` Generating dependency: /src/sat/kissat/minimize.c
`` Generating dependency: /src/sat/kissat/mode.c
`` Generating dependency: /src/sat/kissat/kptions.c
`` Generating dependency: /src/sat/kissat/phases.c
`` Generating dependency: /src/sat/kissat/preprocess.c
`` Generating dependency: /src/sat/kissat/print.c
`` Generating dependency: /src/sat/kissat/probe.c
`` Generating dependency: /src/sat/kissat/profile.c
`` Generating dependency: /src/sat/kissat/promote.c
`` Generating dependency: /src/sat/kissat/proof.c
`` Generating dependency: /src/sat/kissat/propbeyond.c
`` Generating dependency: /src/sat/kissat/propdense.c
`` Generating dependency: /src/sat/kissat/propinitially.c
`` Generating dependency: /src/sat/kissat/proprobe.c
`` Generating dependency: /src/sat/kissat/propsearch.c
`` Generating dependency: /src/sat/kissat/queue.c
`` Generating dependency: /src/sat/kissat/reduce.c
`` Generating dependency: /src/sat/kissat/reluctant.c
`` Generating dependency: /src/sat/kissat/reorder.c
`` Generating dependency: /src/sat/kissat/rephase.c
`` Generating dependency: /src/sat/kissat/report.c
`` Generating dependency: /src/sat/kissat/resize.c
`` Generating dependency: /src/sat/kissat/resolve.c
`` Generating dependency: /src/sat/kissat/resources.c
`` Generating dependency: /src/sat/kissat/restart.c
`` Generating dependency: /src/sat/kissat/search.c
`` Generating dependency: /src/sat/kissat/shrink.c
`` Generating dependency: /src/sat/kissat/smooth.c
`` Generating dependency: /src/sat/kissat/sort.c
`` Generating dependency: /src/sat/kissat/stack.c
`` Generating dependency: /src/sat/kissat/statistics.c
`` Generating dependency: /src/sat/kissat/strengthen.c
`` Generating dependency: /src/sat/kissat/substitute.c
`` Generating dependency: /src/sat/kissat/sweep.c
`` Generating dependency: /src/sat/kissat/terminate.c
`` Generating dependency: /src/sat/kissat/tiers.c
`` Generating dependency: /src/sat/kissat/trail.c
`` Generating dependency: /src/sat/kissat/transitive.c
`` Generating dependency: /src/sat/kissat/utilities.c
`` Generating dependency: /src/sat/kissat/vector.c
`` Generating dependency: /src/sat/kissat/vivify.c
`` Generating dependency: /src/sat/kissat/walk.c
`` Generating dependency: /src/sat/kissat/warmup.c
`` Generating dependency: /src/sat/kissat/watch.c
`` Generating dependency: /src/sat/kissat/weaken.c
`` Generating dependency: /src/sat/cadical/cadicalSolver.c
`` Generating dependency: /src/sat/cadical/cadicalTest.c
`` Generating dependency: /src/sat/cadical/cadical_kitten.c
`` Generating dependency: /src/bool/bdc/bdcCore.c
`` Generating dependency: /src/bool/bdc/bdcDec.c
`` Generating dependency: /src/bool/bdc/bdcSpfd.c
`` Generating dependency: /src/bool/bdc/bdcTable.c
`` Generating dependency: /src/bool/dec/decAbc.c
`` Generating dependency: /src/bool/dec/decFactor.c
`` Generating dependency: /src/bool/dec/decMan.c
`` Generating dependency: /src/bool/dec/decPrint.c
`` Generating dependency: /src/bool/dec/decUtil.c
`` Generating dependency: /src/bool/kit/kitAig.c
`` Generating dependency: /src/bool/kit/kitBdd.c
`` Generating dependency: /src/bool/kit/kitCloud.c
`` Generating dependency: /src/bool/kit/cloud.c
`` Generating dependency: /src/bool/kit/kitDsd.c
`` Generating dependency: /src/bool/kit/kitFactor.c
`` Generating dependency: /src/bool/kit/kitGraph.c
`` Generating dependency: /src/bool/kit/kitHop.c
`` Generating dependency: /src/bool/kit/kitIsop.c
`` Generating dependency: /src/bool/kit/kitPla.c
`` Generating dependency: /src/bool/kit/kitSop.c
`` Generating dependency: /src/bool/kit/kitTruth.c
`` Generating dependency: /src/bool/lucky/lucky.c
`` Generating dependency: /src/bool/lucky/luckyFast16.c
`` Generating dependency: /src/bool/lucky/luckyFast6.c
`` Generating dependency: /src/bool/lucky/luckyRead.c
`` Generating dependency: /src/bool/lucky/luckySimple.c
`` Generating dependency: /src/bool/lucky/luckySwapIJ.c
`` Generating dependency: /src/bool/lucky/luckySwap.c
`` Generating dependency: /src/bool/rsb/rsbDec6.c
`` Generating dependency: /src/bool/rsb/rsbMan.c
`` Generating dependency: /src/bool/rpo/rpo.c
`` Generating dependency: /src/proof/pdr/pdrCnf.c
`` Generating dependency: /src/proof/pdr/pdrCore.c
`` Generating dependency: /src/proof/pdr/pdrIncr.c
`` Generating dependency: /src/proof/pdr/pdrInv.c
`` Generating dependency: /src/proof/pdr/pdrMan.c
`` Generating dependency: /src/proof/pdr/pdrSat.c
`` Generating dependency: /src/proof/pdr/pdrTsim.c
`` Generating dependency: /src/proof/pdr/pdrTsim2.c
`` Generating dependency: /src/proof/pdr/pdrTsim3.c
`` Generating dependency: /src/proof/pdr/pdrUtil.c
`` Generating dependency: /src/proof/abs/absDup.c
`` Generating dependency: /src/proof/abs/absGla.c
`` Generating dependency: /src/proof/abs/absGlaOld.c
`` Generating dependency: /src/proof/abs/absIter.c
`` Generating dependency: /src/proof/abs/absOldCex.c
`` Generating dependency: /src/proof/abs/absOldRef.c
`` Generating dependency: /src/proof/abs/absOldSat.c
`` Generating dependency: /src/proof/abs/absOldSim.c
`` Generating dependency: /src/proof/abs/absOut.c
`` Generating dependency: /src/proof/abs/absPth.c
`` Generating dependency: /src/proof/abs/absRef.c
`` Generating dependency: /src/proof/abs/absRefSelect.c
`` Generating dependency: /src/proof/abs/absRpm.c
`` Generating dependency: /src/proof/abs/absRpmOld.c
`` Generating dependency: /src/proof/abs/absVta.c
`` Generating dependency: /src/proof/abs/absUtil.c
`` Generating dependency: /src/proof/live/liveness.c
`` Generating dependency: /src/proof/live/liveness_sim.c
`` Generating dependency: /src/proof/live/ltl_parser.c
`` Generating dependency: /src/proof/live/kliveness.c
`` Generating dependency: /src/proof/live/monotone.c
`` Generating dependency: /src/proof/live/disjunctiveMonotone.c
`` Generating dependency: /src/proof/live/arenaViolation.c
`` Generating dependency: /src/proof/live/kLiveConstraints.c
`` Generating dependency: /src/proof/live/combination.c
`` Generating dependency: /src/proof/ssc/sscClass.c
`` Generating dependency: /src/proof/ssc/sscCore.c
`` Generating dependency: /src/proof/ssc/sscSat.c
`` Generating dependency: /src/proof/ssc/sscSim.c
`` Generating dependency: /src/proof/ssc/sscUtil.c
`` Generating dependency: /src/proof/int/intCheck.c
`` Generating dependency: /src/proof/int/intContain.c
`` Generating dependency: /src/proof/int/intCore.c
`` Generating dependency: /src/proof/int/intCtrex.c
`` Generating dependency: /src/proof/int/intDup.c
`` Generating dependency: /src/proof/int/intFrames.c
`` Generating dependency: /src/proof/int/intInter.c
`` Generating dependency: /src/proof/int/intM114.c
`` Generating dependency: /src/proof/int/intMan.c
`` Generating dependency: /src/proof/int/intUtil.c
`` Generating dependency: /src/proof/cec/cecCec.c
`` Generating dependency: /src/proof/cec/cecChoice.c
`` Generating dependency: /src/proof/cec/cecClass.c
`` Generating dependency: /src/proof/cec/cecCore.c
`` Generating dependency: /src/proof/cec/cecCorr.c
`` Generating dependency: /src/proof/cec/cecCorr2.c
`` Generating dependency: /src/proof/cec/cecCorrCert.c
`` Generating dependency: /src/proof/cec/cecCorrDyn.c
`` Generating dependency: /src/proof/cec/cecCorrIncr.c
`` Generating dependency: /src/proof/cec/cecCorrIncrSim.c
`` Generating dependency: /src/proof/cec/cecIso.c
`` Generating dependency: /src/proof/cec/cecMan.c
`` Generating dependency: /src/proof/cec/cecPat.c
`` Generating dependency: /src/proof/cec/cecProve.c
`` Generating dependency: /src/proof/cec/cecSat.c
`` Generating dependency: /src/proof/cec/cecSatG.c
`` Generating dependency: /src/proof/cec/cecSatG2.c
`` Generating dependency: /src/proof/cec/cecSatG3.c
`` Generating dependency: /src/proof/cec/cecSeq.c
`` Generating dependency: /src/proof/cec/cecSim.c
`` Generating dependency: /src/proof/cec/cecSolve.c
`` Generating dependency: /src/proof/cec/cecSolveG.c
`` Generating dependency: /src/proof/cec/cecSplit.c
`` Generating dependency: /src/proof/cec/cecSynth.c
`` Generating dependency: /src/proof/cec/cecSweep.c
`` Generating dependency: /src/proof/acec/acecCl.c
`` Generating dependency: /src/proof/acec/acecCore.c
`` Generating dependency: /src/proof/acec/acecCo.c
`` Generating dependency: /src/proof/acec/acecBo.c
`` Generating dependency: /src/proof/acec/acecRe.c
`` Generating dependency: /src/proof/acec/acecPa.c
`` Generating dependency: /src/proof/acec/acecPo.c
`` Generating dependency: /src/proof/acec/acecPool.c
`` Generating dependency: /src/proof/acec/acecCover.c
`` Generating dependency: /src/proof/acec/acecFadds.c
`` Generating dependency: /src/proof/acec/acecMult.c
`` Generating dependency: /src/proof/acec/acecNorm.c
`` Generating dependency: /src/proof/acec/acecOrder.c
`` Generating dependency: /src/proof/acec/acecPolyn.c
`` Generating dependency: /src/proof/acec/acecSt.c
`` Generating dependency: /src/proof/acec/acecTree.c
`` Generating dependency: /src/proof/acec/acecUtil.c
`` Generating dependency: /src/proof/acec/acec2Mult.c
`` Generating dependency: /src/proof/acec/acecXor.c
`` Generating dependency: /src/proof/dch/dchAig.c
`` Generating dependency: /src/proof/dch/dchChoice.c
`` Generating dependency: /src/proof/dch/dchClass.c
`` Generating dependency: /src/proof/dch/dchCnf.c
`` Generating dependency: /src/proof/dch/dchCore.c
`` Generating dependency: /src/proof/dch/dchMan.c
`` Generating dependency: /src/proof/dch/dchSat.c
`` Generating dependency: /src/proof/dch/dchSim.c
`` Generating dependency: /src/proof/dch/dchSimSat.c
`` Generating dependency: /src/proof/dch/dchSweep.c
`` Generating dependency: /src/proof/fraig/fraigApi.c
`` Generating dependency: /src/proof/fraig/fraigCanon.c
`` Generating dependency: /src/proof/fraig/fraigFanout.c
`` Generating dependency: /src/proof/fraig/fraigFeed.c
`` Generating dependency: /src/proof/fraig/fraigMan.c
`` Generating dependency: /src/proof/fraig/fraigMem.c
`` Generating dependency: /src/proof/fraig/fraigNode.c
`` Generating dependency: /src/proof/fraig/fraigPrime.c
`` Generating dependency: /src/proof/fraig/fraigSat.c
`` Generating dependency: /src/proof/fraig/fraigTable.c
`` Generating dependency: /src/proof/fraig/fraigUtil.c
`` Generating dependency: /src/proof/fraig/fraigVec.c
`` Generating dependency: /src/proof/fra/fraBmc.c
`` Generating dependency: /src/proof/fra/fraCec.c
`` Generating dependency: /src/proof/fra/fraClass.c
`` Generating dependency: /src/proof/fra/fraClau.c
`` Generating dependency: /src/proof/fra/fraClaus.c
`` Generating dependency: /src/proof/fra/fraCnf.c
`` Generating dependency: /src/proof/fra/fraCore.c
`` Generating dependency: /src/proof/fra/fraHot.c
`` Generating dependency: /src/proof/fra/fraImp.c
`` Generating dependency: /src/proof/fra/fraInd.c
`` Generating dependency: /src/proof/fra/fraIndVer.c
`` Generating dependency: /src/proof/fra/fraLcr.c
`` Generating dependency: /src/proof/fra/fraMan.c
`` Generating dependency: /src/proof/fra/fraPart.c
`` Generating dependency: /src/proof/fra/fraSat.c
`` Generating dependency: /src/proof/fra/fraSec.c
`` Generating dependency: /src/proof/fra/fraSim.c
`` Generating dependency: /src/proof/ssw/sswAig.c
`` Generating dependency: /src/proof/ssw/sswBmc.c
`` Generating dependency: /src/proof/ssw/sswClass.c
`` Generating dependency: /src/proof/ssw/sswCnf.c
`` Generating dependency: /src/proof/ssw/sswConstr.c
`` Generating dependency: /src/proof/ssw/sswCore.c
`` Generating dependency: /src/proof/ssw/sswDyn.c
`` Generating dependency: /src/proof/ssw/sswFilter.c
`` Generating dependency: /src/proof/ssw/sswIslands.c
`` Generating dependency: /src/proof/ssw/sswLcorr.c
`` Generating dependency: /src/proof/ssw/sswMan.c
`` Generating dependency: /src/proof/ssw/sswPart.c
`` Generating dependency: /src/proof/ssw/sswPairs.c
`` Generating dependency: /src/proof/ssw/sswRarity.c
`` Generating dependency: /src/proof/ssw/sswSat.c
`` Generating dependency: /src/proof/ssw/sswSemi.c
`` Generating dependency: /src/proof/ssw/sswSim.c
`` Generating dependency: /src/proof/ssw/sswSimSat.c
`` Generating dependency: /src/proof/ssw/sswSweep.c
`` Generating dependency: /src/proof/ssw/sswUnique.c
`` Generating dependency: /src/aig/aig/aigCheck.c
`` Generating dependency: /src/aig/aig/aigCanon.c
`` Generating dependency: /src/aig/aig/aigCuts.c
`` Generating dependency: /src/aig/aig/aigDfs.c
`` Generating dependency: /src/aig/aig/aigDup.c
`` Generating dependency: /src/aig/aig/aigFanout.c
`` Generating dependency: /src/aig/aig/aigFrames.c
`` Generating dependency: /src/aig/aig/aigInter.c
`` Generating dependency: /src/aig/aig/aigJust.c
`` Generating dependency: /src/aig/aig/aigMan.c
`` Generating dependency: /src/aig/aig/aigMem.c
`` Generating dependency: /src/aig/aig/aigMffc.c
`` Generating dependency: /src/aig/aig/aigObj.c
`` Generating dependency: /src/aig/aig/aigOper.c
`` Generating dependency: /src/aig/aig/aigOrder.c
`` Generating dependency: /src/aig/aig/aigPack.c
`` Generating dependency: /src/aig/aig/aigPart.c
`` Generating dependency: /src/aig/aig/aigPartReg.c
`` Generating dependency: /src/aig/aig/aigPartSat.c
`` Generating dependency: /src/aig/aig/aigRepr.c
`` Generating dependency: /src/aig/aig/aigRet.c
`` Generating dependency: /src/aig/aig/aigRetF.c
`` Generating dependency: /src/aig/aig/aigScl.c
`` Generating dependency: /src/aig/aig/aigShow.c
`` Generating dependency: /src/aig/aig/aigSplit.c
`` Generating dependency: /src/aig/aig/aigTable.c
`` Generating dependency: /src/aig/aig/aigTiming.c
`` Generating dependency: /src/aig/aig/aigTruth.c
`` Generating dependency: /src/aig/aig/aigTsim.c
`` Generating dependency: /src/aig/aig/aigUtil.c
`` Generating dependency: /src/aig/aig/aigWin.c
`` Generating dependency: /src/aig/saig/saigCone.c
`` Generating dependency: /src/aig/saig/saigConstr.c
`` Generating dependency: /src/aig/saig/saigConstr2.c
`` Generating dependency: /src/aig/saig/saigDual.c
`` Generating dependency: /src/aig/saig/saigDup.c
`` Generating dependency: /src/aig/saig/saigInd.c
`` Generating dependency: /src/aig/saig/saigIoa.c
`` Generating dependency: /src/aig/saig/saigIso.c
`` Generating dependency: /src/aig/saig/saigIsoFast.c
`` Generating dependency: /src/aig/saig/saigIsoSlow.c
`` Generating dependency: /src/aig/saig/saigMiter.c
`` Generating dependency: /src/aig/saig/saigOutDec.c
`` Generating dependency: /src/aig/saig/saigPhase.c
`` Generating dependency: /src/aig/saig/saigRetFwd.c
`` Generating dependency: /src/aig/saig/saigRetMin.c
`` Generating dependency: /src/aig/saig/saigRetStep.c
`` Generating dependency: /src/aig/saig/saigScl.c
`` Generating dependency: /src/aig/saig/saigSimFast.c
`` Generating dependency: /src/aig/saig/saigSimMv.c
`` Generating dependency: /src/aig/saig/saigSimSeq.c
`` Generating dependency: /src/aig/saig/saigStrSim.c
`` Generating dependency: /src/aig/saig/saigSwitch.c
`` Generating dependency: /src/aig/saig/saigSynch.c
`` Generating dependency: /src/aig/saig/saigTempor.c
`` Generating dependency: /src/aig/saig/saigTrans.c
`` Generating dependency: /src/aig/saig/saigWnd.c
`` Generating dependency: /src/aig/gia/giaAig.c
`` Generating dependency: /src/aig/gia/giaAgi.c
`` Generating dependency: /src/aig/gia/giaAiger.c
`` Generating dependency: /src/aig/gia/giaAigerExt.c
`` Generating dependency: /src/aig/gia/giaBalAig.c
`` Generating dependency: /src/aig/gia/giaBalLut.c
`` Generating dependency: /src/aig/gia/giaBalMap.c
`` Generating dependency: /src/aig/gia/giaBidec.c
`` Generating dependency: /src/aig/gia/giaBsFind.c
`` Generating dependency: /src/aig/gia/giaCCof.c
`` Generating dependency: /src/aig/gia/giaCex.c
`` Generating dependency: /src/aig/gia/giaClp.c
`` Generating dependency: /src/aig/gia/giaCof.c
`` Generating dependency: /src/aig/gia/giaCone.c
`` Generating dependency: /src/aig/gia/giaCSatOld.c
`` Generating dependency: /src/aig/gia/giaCSat.c
`` Generating dependency: /src/aig/gia/giaCSat2.c
`` Generating dependency: /src/aig/gia/giaCSat3.c
`` Generating dependency: /src/aig/gia/giaCSatP.c
`` Generating dependency: /src/aig/gia/giaCTas.c
`` Generating dependency: /src/aig/gia/giaCut.c
`` Generating dependency: /src/aig/gia/giaDecs.c
`` Generating dependency: /src/aig/gia/giaDeep.c
`` Generating dependency: /src/aig/gia/giaDfs.c
`` Generating dependency: /src/aig/gia/giaDup.c
`` Generating dependency: /src/aig/gia/giaEdge.c
`` Generating dependency: /src/aig/gia/giaEmbed.c
`` Generating dependency: /src/aig/gia/giaEnable.c
`` Generating dependency: /src/aig/gia/giaEquiv.c
`` Generating dependency: /src/aig/gia/giaEra.c
`` Generating dependency: /src/aig/gia/giaEra2.c
`` Generating dependency: /src/aig/gia/giaEsop.c
`` Generating dependency: /src/aig/gia/giaExist.c
`` Generating dependency: /src/aig/gia/giaFalse.c
`` Generating dependency: /src/aig/gia/giaFanout.c
`` Generating dependency: /src/aig/gia/giaForce.c
`` Generating dependency: /src/aig/gia/giaFrames.c
`` Generating dependency: /src/aig/gia/giaFront.c
`` Generating dependency: /src/aig/gia/giaFx.c
`` Generating dependency: /src/aig/gia/giaGen.c
`` Generating dependency: /src/aig/gia/giaGig.c
`` Generating dependency: /src/aig/gia/giaGlitch.c
`` Generating dependency: /src/aig/gia/giaHash.c
`` Generating dependency: /src/aig/gia/giaIf.c
`` Generating dependency: /src/aig/gia/giaIff.c
`` Generating dependency: /src/aig/gia/giaIiff.c
`` Generating dependency: /src/aig/gia/giaIso.c
`` Generating dependency: /src/aig/gia/giaIso2.c
`` Generating dependency: /src/aig/gia/giaIso3.c
`` Generating dependency: /src/aig/gia/giaJf.c
`` Generating dependency: /src/aig/gia/giaKf.c
`` Generating dependency: /src/aig/gia/giaLf.c
`` Generating dependency: /src/aig/gia/giaLutCas.c
`` Generating dependency: /src/aig/gia/giaMf.c
`` Generating dependency: /src/aig/gia/giaMan.c
`` Generating dependency: /src/aig/gia/giaMem.c
`` Generating dependency: /src/aig/gia/giaMfs.c
`` Generating dependency: /src/aig/gia/giaMini.c
`` Generating dependency: /src/aig/gia/giaMinLut.c
`` Generating dependency: /src/aig/gia/giaMinLut2.c
`` Generating dependency: /src/aig/gia/giaMulFind.c
`` Generating dependency: /src/aig/gia/giaMulFind3.c
`` Generating dependency: /src/aig/gia/giaMuxes.c
`` Generating dependency: /src/aig/gia/giaNf.c
`` Generating dependency: /src/aig/gia/giaOf.c
`` Generating dependency: /src/aig/gia/giaPack.c
`` Generating dependency: /src/aig/gia/giaPat.c
`` Generating dependency: /src/aig/gia/giaPat2.c
`` Generating dependency: /src/aig/gia/giaPf.c
`` Generating dependency: /src/aig/gia/giaQbf.c
`` Generating dependency: /src/aig/gia/giaReshape1.c
`` Generating dependency: /src/aig/gia/giaReshape2.c
`` Generating dependency: /src/aig/gia/giaResub.c
`` Generating dependency: /src/aig/gia/giaResub2.c
`` Generating dependency: /src/aig/gia/giaResub3.c
`` Generating dependency: /src/aig/gia/giaResub6.c
`` Generating dependency: /src/aig/gia/giaRetime.c
`` Generating dependency: /src/aig/gia/giaRex.c
`` Generating dependency: /src/aig/gia/giaSatEdge.c
`` Generating dependency: /src/aig/gia/giaSatLE.c
`` Generating dependency: /src/aig/gia/giaSatLut.c
`` Generating dependency: /src/aig/gia/giaSatMap.c
`` Generating dependency: /src/aig/gia/giaSatoko.c
`` Generating dependency: /src/aig/gia/giaSatSyn.c
`` Generating dependency: /src/aig/gia/giaSat3.c
`` Generating dependency: /src/aig/gia/giaScl.c
`` Generating dependency: /src/aig/gia/giaScript.c
`` Generating dependency: /src/aig/gia/giaShow.c
`` Generating dependency: /src/aig/gia/giaShrink.c
`` Generating dependency: /src/aig/gia/giaShrink6.c
`` Generating dependency: /src/aig/gia/giaShrink7.c
`` Generating dependency: /src/aig/gia/giaSif.c
`` Generating dependency: /src/aig/gia/giaSim.c
`` Generating dependency: /src/aig/gia/giaSim2.c
`` Generating dependency: /src/aig/gia/giaSimBase.c
`` Generating dependency: /src/aig/gia/giaSort.c
`` Generating dependency: /src/aig/gia/giaSpeedup.c
`` Generating dependency: /src/aig/gia/giaSplit.c
`` Generating dependency: /src/aig/gia/giaStg.c
`` Generating dependency: /src/aig/gia/giaStoch.c
`` Generating dependency: /src/aig/gia/giaStr.c
`` Generating dependency: /src/aig/gia/giaSupMin.c
`` Generating dependency: /src/aig/gia/giaSupp.c
`` Generating dependency: /src/aig/gia/giaSupps.c
`` Generating dependency: /src/aig/gia/giaSweep.c
`` Generating dependency: /src/aig/gia/giaSweeper.c
`` Generating dependency: /src/aig/gia/giaSwitch.c
`` Generating dependency: /src/aig/gia/giaTim.c
`` Generating dependency: /src/aig/gia/giaTis.c
`` Generating dependency: /src/aig/gia/giaTranStoch.c
`` Generating dependency: /src/aig/gia/giaTruth.c
`` Generating dependency: /src/aig/gia/giaTsim.c
`` Generating dependency: /src/aig/gia/giaUnate.c
`` Generating dependency: /src/aig/gia/giaUtil.c
`` Generating dependency: /src/aig/gia/giaBound.c
`` Generating dependency: /src/aig/ioa/ioaReadAig.c
`` Generating dependency: /src/aig/ioa/ioaWriteAig.c
`` Generating dependency: /src/aig/ioa/ioaUtil.c
`` Generating dependency: /src/aig/ivy/ivyBalance.c
`` Generating dependency: /src/aig/ivy/ivyCanon.c
`` Generating dependency: /src/aig/ivy/ivyCheck.c
`` Generating dependency: /src/aig/ivy/ivyCut.c
`` Generating dependency: /src/aig/ivy/ivyCutTrav.c
`` Generating dependency: /src/aig/ivy/ivyDfs.c
`` Generating dependency: /src/aig/ivy/ivyDsd.c
`` Generating dependency: /src/aig/ivy/ivyFanout.c
`` Generating dependency: /src/aig/ivy/ivyFastMap.c
`` Generating dependency: /src/aig/ivy/ivyFraig.c
`` Generating dependency: /src/aig/ivy/ivyHaig.c
`` Generating dependency: /src/aig/ivy/ivyMan.c
`` Generating dependency: /src/aig/ivy/ivyMem.c
`` Generating dependency: /src/aig/ivy/ivyMulti.c
`` Generating dependency: /src/aig/ivy/ivyObj.c
`` Generating dependency: /src/aig/ivy/ivyOper.c
`` Generating dependency: /src/aig/ivy/ivyResyn.c
`` Generating dependency: /src/aig/ivy/ivyRwr.c
`` Generating dependency: /src/aig/ivy/ivySeq.c
`` Generating dependency: /src/aig/ivy/ivyShow.c
`` Generating dependency: /src/aig/ivy/ivyTable.c
`` Generating dependency: /src/aig/ivy/ivyUtil.c
`` Generating dependency: /src/aig/hop/hopBalance.c
`` Generating dependency: /src/aig/hop/hopCheck.c
`` Generating dependency: /src/aig/hop/hopDfs.c
`` Generating dependency: /src/aig/hop/hopMan.c
`` Generating dependency: /src/aig/hop/hopMem.c
`` Generating dependency: /src/aig/hop/hopObj.c
`` Generating dependency: /src/aig/hop/hopOper.c
`` Generating dependency: /src/aig/hop/hopTable.c
`` Generating dependency: /src/aig/hop/hopTruth.c
`` Generating dependency: /src/aig/hop/hopUtil.c
`` Generating dependency: /src/bdd/cudd/cuddAPI.c
`` Generating dependency: /src/bdd/cudd/cuddAddAbs.c
`` Generating dependency: /src/bdd/cudd/cuddAddApply.c
`` Generating dependency: /src/bdd/cudd/cuddAddFind.c
`` Generating dependency: /src/bdd/cudd/cuddAddInv.c
`` Generating dependency: /src/bdd/cudd/cuddAddIte.c
`` Generating dependency: /src/bdd/cudd/cuddAddNeg.c
`` Generating dependency: /src/bdd/cudd/cuddAddWalsh.c
`` Generating dependency: /src/bdd/cudd/cuddAndAbs.c
`` Generating dependency: /src/bdd/cudd/cuddAnneal.c
`` Generating dependency: /src/bdd/cudd/cuddApa.c
`` Generating dependency: /src/bdd/cudd/cuddApprox.c
`` Generating dependency: /src/bdd/cudd/cuddBddAbs.c
`` Generating dependency: /src/bdd/cudd/cuddBddCorr.c
`` Generating dependency: /src/bdd/cudd/cuddBddIte.c
`` Generating dependency: /src/bdd/cudd/cuddBridge.c
`` Generating dependency: /src/bdd/cudd/cuddCache.c
`` Generating dependency: /src/bdd/cudd/cuddCheck.c
`` Generating dependency: /src/bdd/cudd/cuddClip.c
`` Generating dependency: /src/bdd/cudd/cuddCof.c
`` Generating dependency: /src/bdd/cudd/cuddCompose.c
`` Generating dependency: /src/bdd/cudd/cuddDecomp.c
`` Generating dependency: /src/bdd/cudd/cuddEssent.c
`` Generating dependency: /src/bdd/cudd/cuddExact.c
`` Generating dependency: /src/bdd/cudd/cuddExport.c
`` Generating dependency: /src/bdd/cudd/cuddGenCof.c
`` Generating dependency: /src/bdd/cudd/cuddGenetic.c
`` Generating dependency: /src/bdd/cudd/cuddGroup.c
`` Generating dependency: /src/bdd/cudd/cuddHarwell.c
`` Generating dependency: /src/bdd/cudd/cuddInit.c
`` Generating dependency: /src/bdd/cudd/cuddInteract.c
`` Generating dependency: /src/bdd/cudd/cuddLCache.c
`` Generating dependency: /src/bdd/cudd/cuddLevelQ.c
`` Generating dependency: /src/bdd/cudd/cuddLinear.c
`` Generating dependency: /src/bdd/cudd/cuddLiteral.c
`` Generating dependency: /src/bdd/cudd/cuddMatMult.c
`` Generating dependency: /src/bdd/cudd/cuddPriority.c
`` Generating dependency: /src/bdd/cudd/cuddRead.c
`` Generating dependency: /src/bdd/cudd/cuddRef.c
`` Generating dependency: /src/bdd/cudd/cuddReorder.c
`` Generating dependency: /src/bdd/cudd/cuddSat.c
`` Generating dependency: /src/bdd/cudd/cuddSign.c
`` Generating dependency: /src/bdd/cudd/cuddSolve.c
`` Generating dependency: /src/bdd/cudd/cuddSplit.c
`` Generating dependency: /src/bdd/cudd/cuddSubsetHB.c
`` Generating dependency: /src/bdd/cudd/cuddSubsetSP.c
`` Generating dependency: /src/bdd/cudd/cuddSymmetry.c
`` Generating dependency: /src/bdd/cudd/cuddTable.c
`` Generating dependency: /src/bdd/cudd/cuddUtil.c
`` Generating dependency: /src/bdd/cudd/cuddWindow.c
`` Generating dependency: /src/bdd/cudd/cuddZddCount.c
`` Generating dependency: /src/bdd/cudd/cuddZddFuncs.c
`` Generating dependency: /src/bdd/cudd/cuddZddGroup.c
`` Generating dependency: /src/bdd/cudd/cuddZddIsop.c
`` Generating dependency: /src/bdd/cudd/cuddZddLin.c
`` Generating dependency: /src/bdd/cudd/cuddZddMisc.c
`` Generating dependency: /src/bdd/cudd/cuddZddPort.c
`` Generating dependency: /src/bdd/cudd/cuddZddReord.c
`` Generating dependency: /src/bdd/cudd/cuddZddSetop.c
`` Generating dependency: /src/bdd/cudd/cuddZddSymm.c
`` Generating dependency: /src/bdd/cudd/cuddZddUtil.c
`` Generating dependency: /src/bdd/extrab/extraBddAuto.c
`` Generating dependency: /src/bdd/extrab/extraBddCas.c
`` Generating dependency: /src/bdd/extrab/extraBddImage.c
`` Generating dependency: /src/bdd/extrab/extraBddKmap.c
`` Generating dependency: /src/bdd/extrab/extraBddMaxMin.c
`` Generating dependency: /src/bdd/extrab/extraBddMisc.c
`` Generating dependency: /src/bdd/extrab/extraBddSet.c
`` Generating dependency: /src/bdd/extrab/extraBddSymm.c
`` Generating dependency: /src/bdd/extrab/extraBddThresh.c
`` Generating dependency: /src/bdd/extrab/extraBddTime.c
`` Generating dependency: /src/bdd/extrab/extraBddUnate.c
`` Generating dependency: /src/bdd/dsd/dsdApi.c
`` Generating dependency: /src/bdd/dsd/dsdCheck.c
`` Generating dependency: /src/bdd/dsd/dsdLocal.c
`` Generating dependency: /src/bdd/dsd/dsdMan.c
`` Generating dependency: /src/bdd/dsd/dsdProc.c
`` Generating dependency: /src/bdd/dsd/dsdTree.c
`` Generating dependency: /src/bdd/epd/epd.c
`` Generating dependency: /src/bdd/mtr/mtrBasic.c
`` Generating dependency: /src/bdd/mtr/mtrGroup.c
`` Generating dependency: /src/bdd/reo/reoApi.c
`` Generating dependency: /src/bdd/reo/reoCore.c
`` Generating dependency: /src/bdd/reo/reoProfile.c
`` Generating dependency: /src/bdd/reo/reoShuffle.c
`` Generating dependency: /src/bdd/reo/reoSift.c
`` Generating dependency: /src/bdd/reo/reoSwap.c
`` Generating dependency: /src/bdd/reo/reoTransfer.c
`` Generating dependency: /src/bdd/reo/reoUnits.c
`` Generating dependency: /src/bdd/cas/casCore.c
`` Generating dependency: /src/bdd/cas/casDec.c
`` Generating dependency: /src/bdd/bbr/bbrCex.c
`` Generating dependency: /src/bdd/bbr/bbrImage.c
`` Generating dependency: /src/bdd/bbr/bbrNtbdd.c
`` Generating dependency: /src/bdd/bbr/bbrReach.c
`` Generating dependency: /src/bdd/llb/llb1Cluster.c
`` Generating dependency: /src/bdd/llb/llb1Constr.c
`` Generating dependency: /src/bdd/llb/llb1Core.c
`` Generating dependency: /src/bdd/llb/llb1Group.c
`` Generating dependency: /src/bdd/llb/llb1Hint.c
`` Generating dependency: /src/bdd/llb/llb1Man.c
`` Generating dependency: /src/bdd/llb/llb1Matrix.c
`` Generating dependency: /src/bdd/llb/llb1Pivot.c
`` Generating dependency: /src/bdd/llb/llb1Reach.c
`` Generating dependency: /src/bdd/llb/llb1Sched.c
`` Generating dependency: /src/bdd/llb/llb2Bad.c
`` Generating dependency: /src/bdd/llb/llb2Core.c
`` Generating dependency: /src/bdd/llb/llb2Driver.c
`` Generating dependency: /src/bdd/llb/llb2Dump.c
`` Generating dependency: /src/bdd/llb/llb2Flow.c
`` Generating dependency: /src/bdd/llb/llb2Image.c
`` Generating dependency: /src/bdd/llb/llb3Image.c
`` Generating dependency: /src/bdd/llb/llb3Nonlin.c
`` Generating dependency: /src/bdd/llb/llb4Cex.c
`` Generating dependency: /src/bdd/llb/llb4Image.c
`` Generating dependency: /src/bdd/llb/llb4Nonlin.c
`` Generating dependency: /src/bdd/llb/llb4Sweep.c
`` Compiling: /src/map/if/acd/ac_wrapper.cpp
`` Compiling: /src/misc/util/utilPrefix.cpp
In file included from src/map/if/acd/ac_wrapper.cpp:19:
In file included from src/map/if/acd/ac_wrapper.h:30:
./src/misc/util/abc_global.h:319:77: error: cast from pointer to smaller type 'ABC_PTRINT_T' (aka 'long') loses information
  319 | static inline int      Abc_Ptr2Int( void * p )                { return (int)(ABC_PTRINT_T)p;      }
      |                                                                             ^~~~~~~~~~~~~~~
./src/misc/util/abc_global.h:320:72: warning: cast to 'void *' from smaller integer type 'ABC_PTRINT_T' (aka 'long') [-Wint-to-void-pointer-cast]
  320 | static inline void *   Abc_Int2Ptr( int i )                   { return (void *)(ABC_PTRINT_T)i;   }
      |                                                                        ^~~~~~~~~~~~~~~~~~~~~~~
./src/misc/util/abc_global.h:321:78: error: cast from pointer to smaller type 'ABC_PTRUINT_T' (aka 'unsigned long') loses information
  321 | static inline word     Abc_Ptr2Wrd( void * p )                { return (word)(ABC_PTRUINT_T)p;    }
      |                                                                              ^~~~~~~~~~~~~~~~
./src/misc/util/abc_global.h:322:72: warning: cast to 'void *' from smaller integer type 'ABC_PTRUINT_T' (aka 'unsigned long') [-Wint-to-void-pointer-cast]
  322 | static inline void *   Abc_Wrd2Ptr( word i )                  { return (void *)(ABC_PTRUINT_T)i;  }
      |                                                                        ^~~~~~~~~~~~~~~~~~~~~~~~
In file included from src/map/if/acd/ac_wrapper.cpp:19:
In file included from src/map/if/acd/ac_wrapper.h:31:
In file included from ./src/map/if/if.h:34:
In file included from ./src/misc/vec/vec.h:37:
./src/misc/vec/vecWrd.h:227:19: error: constant expression evaluates to 12297829382473034410 which cannot be narrowed to type 'word' (aka 'unsigned long') [-Wc++11-narrowing]
  227 |         ABC_CONST(0xAAAAAAAAAAAAAAAA),
      |                   ^~~~~~~~~~~~~~~~~~
./src/misc/vec/vecWrd.h:227:19: note: insert an explicit cast to silence this issue
  227 |         ABC_CONST(0xAAAAAAAAAAAAAAAA),
      |                   ^~~~~~~~~~~~~~~~~~ 
      |         static_cast<word>(           )
./src/misc/util/abc_global.h:242:29: note: expanded from macro 'ABC_CONST'
  242 |   #define ABC_CONST(number) number
      |                             ^~~~~~
In file included from src/map/if/acd/ac_wrapper.cpp:19:
In file included from src/map/if/acd/ac_wrapper.h:31:
In file included from ./src/map/if/if.h:34:
In file included from ./src/misc/vec/vec.h:37:
./src/misc/vec/vecWrd.h:228:19: error: constant expression evaluates to 14757395258967641292 which cannot be narrowed to type 'word' (aka 'unsigned long') [-Wc++11-narrowing]
  228 |         ABC_CONST(0xCCCCCCCCCCCCCCCC),
      |                   ^~~~~~~~~~~~~~~~~~
./src/misc/vec/vecWrd.h:228:19: note: insert an explicit cast to silence this issue
  228 |         ABC_CONST(0xCCCCCCCCCCCCCCCC),
      |                   ^~~~~~~~~~~~~~~~~~ 
      |         static_cast<word>(           )
./src/misc/util/abc_global.h:242:29: note: expanded from macro 'ABC_CONST'
  242 |   #define ABC_CONST(number) number
      |                             ^~~~~~
In file included from src/map/if/acd/ac_wrapper.cpp:19:
In file included from src/map/if/acd/ac_wrapper.h:31:
In file included from ./src/map/if/if.h:34:
In file included from ./src/misc/vec/vec.h:37:
./src/misc/vec/vecWrd.h:229:19: error: constant expression evaluates to 17361641481138401520 which cannot be narrowed to type 'word' (aka 'unsigned long') [-Wc++11-narrowing]
  229 |         ABC_CONST(0xF0F0F0F0F0F0F0F0),
      |                   ^~~~~~~~~~~~~~~~~~
./src/misc/vec/vecWrd.h:229:19: note: insert an explicit cast to silence this issue
  229 |         ABC_CONST(0xF0F0F0F0F0F0F0F0),
      |                   ^~~~~~~~~~~~~~~~~~ 
      |         static_cast<word>(           )
./src/misc/util/abc_global.h:242:29: note: expanded from macro 'ABC_CONST'
  242 |   #define ABC_CONST(number) number
      |                             ^~~~~~
In file included from src/map/if/acd/ac_wrapper.cpp:19:
In file included from src/map/if/acd/ac_wrapper.h:31:
In file included from ./src/map/if/if.h:34:
In file included from ./src/misc/vec/vec.h:37:
./src/misc/vec/vecWrd.h:230:19: error: constant expression evaluates to 18374966859414961920 which cannot be narrowed to type 'word' (aka 'unsigned long') [-Wc++11-narrowing]
  230 |         ABC_CONST(0xFF00FF00FF00FF00),
      |                   ^~~~~~~~~~~~~~~~~~
./src/misc/vec/vecWrd.h:230:19: note: insert an explicit cast to silence this issue
  230 |         ABC_CONST(0xFF00FF00FF00FF00),
      |                   ^~~~~~~~~~~~~~~~~~ 
      |         static_cast<word>(           )
./src/misc/util/abc_global.h:242:29: note: expanded from macro 'ABC_CONST'
  242 |   #define ABC_CONST(number) number
      |                             ^~~~~~
In file included from src/map/if/acd/ac_wrapper.cpp:19:
In file included from src/map/if/acd/ac_wrapper.h:31:
In file included from ./src/map/if/if.h:34:
In file included from ./src/misc/vec/vec.h:37:
./src/misc/vec/vecWrd.h:231:19: error: constant expression evaluates to 18446462603027742720 which cannot be narrowed to type 'word' (aka 'unsigned long') [-Wc++11-narrowing]
  231 |         ABC_CONST(0xFFFF0000FFFF0000),
      |                   ^~~~~~~~~~~~~~~~~~
./src/misc/vec/vecWrd.h:231:19: note: insert an explicit cast to silence this issue
  231 |         ABC_CONST(0xFFFF0000FFFF0000),
      |                   ^~~~~~~~~~~~~~~~~~ 
      |         static_cast<word>(           )
./src/misc/util/abc_global.h:242:29: note: expanded from macro 'ABC_CONST'
  242 |   #define ABC_CONST(number) number
      |                             ^~~~~~
In file included from src/map/if/acd/ac_wrapper.cpp:19:
In file included from src/map/if/acd/ac_wrapper.h:31:
In file included from ./src/map/if/if.h:34:
In file included from ./src/misc/vec/vec.h:37:
./src/misc/vec/vecWrd.h:232:19: error: constant expression evaluates to 18446744069414584320 which cannot be narrowed to type 'word' (aka 'unsigned long') [-Wc++11-narrowing]
  232 |         ABC_CONST(0xFFFFFFFF00000000)
      |                   ^~~~~~~~~~~~~~~~~~
./src/misc/vec/vecWrd.h:232:19: note: insert an explicit cast to silence this issue
  232 |         ABC_CONST(0xFFFFFFFF00000000)
      |                   ^~~~~~~~~~~~~~~~~~ 
      |         static_cast<word>(           )
./src/misc/util/abc_global.h:242:29: note: expanded from macro 'ABC_CONST'
  242 |   #define ABC_CONST(number) number
      |                             ^~~~~~
In file included from src/map/if/acd/ac_wrapper.cpp:19:
In file included from src/map/if/acd/ac_wrapper.h:31:
In file included from ./src/map/if/if.h:34:
In file included from ./src/misc/vec/vec.h:37:
./src/misc/vec/vecWrd.h:232:19: warning: implicit conversion from 'unsigned long long' to 'word' (aka 'unsigned long') changes value from 18446744069414584320 to 0 [-Wconstant-conversion]
  226 |     word Masks[6] = {     
      |                     ~
  227 |         ABC_CONST(0xAAAAAAAAAAAAAAAA),
  228 |         ABC_CONST(0xCCCCCCCCCCCCCCCC),
  229 |         ABC_CONST(0xF0F0F0F0F0F0F0F0),
  230 |         ABC_CONST(0xFF00FF00FF00FF00),
  231 |         ABC_CONST(0xFFFF0000FFFF0000),
  232 |         ABC_CONST(0xFFFFFFFF00000000)
      |                   ^~~~~~~~~~~~~~~~~~
./src/misc/util/abc_global.h:242:29: note: expanded from macro 'ABC_CONST'
  242 |   #define ABC_CONST(number) number
      |                             ^~~~~~
In file included from src/map/if/acd/ac_wrapper.cpp:19:
In file included from src/map/if/acd/ac_wrapper.h:31:
In file included from ./src/map/if/if.h:34:
In file included from ./src/misc/vec/vec.h:37:
./src/misc/vec/vecWrd.h:231:19: warning: implicit conversion from 'unsigned long long' to 'word' (aka 'unsigned long') changes value from 18446462603027742720 to 4294901760 [-Wconstant-conversion]
  226 |     word Masks[6] = {     
      |                     ~
  227 |         ABC_CONST(0xAAAAAAAAAAAAAAAA),
  228 |         ABC_CONST(0xCCCCCCCCCCCCCCCC),
  229 |         ABC_CONST(0xF0F0F0F0F0F0F0F0),
  230 |         ABC_CONST(0xFF00FF00FF00FF00),
  231 |         ABC_CONST(0xFFFF0000FFFF0000),
      |                   ^~~~~~~~~~~~~~~~~~
./src/misc/util/abc_global.h:242:29: note: expanded from macro 'ABC_CONST'
  242 |   #define ABC_CONST(number) number
      |                             ^~~~~~
In file included from src/map/if/acd/ac_wrapper.cpp:19:
In file included from src/map/if/acd/ac_wrapper.h:31:
In file included from ./src/map/if/if.h:34:
In file included from ./src/misc/vec/vec.h:37:
./src/misc/vec/vecWrd.h:230:19: warning: implicit conversion from 'unsigned long long' to 'word' (aka 'unsigned long') changes value from 18374966859414961920 to 4278255360 [-Wconstant-conversion]
  226 |     word Masks[6] = {     
      |                     ~
  227 |         ABC_CONST(0xAAAAAAAAAAAAAAAA),
  228 |         ABC_CONST(0xCCCCCCCCCCCCCCCC),
  229 |         ABC_CONST(0xF0F0F0F0F0F0F0F0),
  230 |         ABC_CONST(0xFF00FF00FF00FF00),
      |                   ^~~~~~~~~~~~~~~~~~
./src/misc/util/abc_global.h:242:29: note: expanded from macro 'ABC_CONST'
  242 |   #define ABC_CONST(number) number
      |                             ^~~~~~
In file included from src/map/if/acd/ac_wrapper.cpp:19:
In file included from src/map/if/acd/ac_wrapper.h:31:
In file included from ./src/map/if/if.h:34:
In file included from ./src/misc/vec/vec.h:37:
./src/misc/vec/vecWrd.h:229:19: warning: implicit conversion from 'unsigned long long' to 'word' (aka 'unsigned long') changes value from 17361641481138401520 to 4042322160 [-Wconstant-conversion]
  226 |     word Masks[6] = {     
      |                     ~
  227 |         ABC_CONST(0xAAAAAAAAAAAAAAAA),
  228 |         ABC_CONST(0xCCCCCCCCCCCCCCCC),
  229 |         ABC_CONST(0xF0F0F0F0F0F0F0F0),
      |                   ^~~~~~~~~~~~~~~~~~
./src/misc/util/abc_global.h:242:29: note: expanded from macro 'ABC_CONST'
  242 |   #define ABC_CONST(number) number
      |                             ^~~~~~
In file included from src/map/if/acd/ac_wrapper.cpp:19:
In file included from src/map/if/acd/ac_wrapper.h:31:
In file included from ./src/map/if/if.h:34:
In file included from ./src/misc/vec/vec.h:37:
./src/misc/vec/vecWrd.h:228:19: warning: implicit conversion from 'unsigned long long' to 'word' (aka 'unsigned long') changes value from 14757395258967641292 to 3435973836 [-Wconstant-conversion]
  226 |     word Masks[6] = {     
      |                     ~
  227 |         ABC_CONST(0xAAAAAAAAAAAAAAAA),
  228 |         ABC_CONST(0xCCCCCCCCCCCCCCCC),
      |                   ^~~~~~~~~~~~~~~~~~
./src/misc/util/abc_global.h:242:29: note: expanded from macro 'ABC_CONST'
  242 |   #define ABC_CONST(number) number
      |                             ^~~~~~
In file included from src/map/if/acd/ac_wrapper.cpp:19:
In file included from src/map/if/acd/ac_wrapper.h:31:
In file included from ./src/map/if/if.h:34:
In file included from ./src/misc/vec/vec.h:37:
./src/misc/vec/vecWrd.h:227:19: warning: implicit conversion from 'unsigned long long' to 'word' (aka 'unsigned long') changes value from 12297829382473034410 to 2863311530 [-Wconstant-conversion]
  226 |     word Masks[6] = {     
      |                     ~
  227 |         ABC_CONST(0xAAAAAAAAAAAAAAAA),
      |                   ^~~~~~~~~~~~~~~~~~
./src/misc/util/abc_global.h:242:29: note: expanded from macro 'ABC_CONST'
  242 |   #define ABC_CONST(number) number
      |                             ^~~~~~
In file included from src/map/if/acd/ac_wrapper.cpp:19:
In file included from src/map/if/acd/ac_wrapper.h:31:
In file included from ./src/map/if/if.h:34:
In file included from ./src/misc/vec/vec.h:39:
./src/misc/vec/vecMem.h:426:19: error: constant expression evaluates to 12297829382473034410 which cannot be narrowed to type 'word' (aka 'unsigned long') [-Wc++11-narrowing]
  426 |         ABC_CONST(0xAAAAAAAAAAAAAAAA),
      |                   ^~~~~~~~~~~~~~~~~~
./src/misc/vec/vecMem.h:426:19: note: insert an explicit cast to silence this issue
  426 |         ABC_CONST(0xAAAAAAAAAAAAAAAA),
      |                   ^~~~~~~~~~~~~~~~~~ 
      |         static_cast<word>(           )
./src/misc/util/abc_global.h:242:29: note: expanded from macro 'ABC_CONST'
  242 |   #define ABC_CONST(number) number
      |                             ^~~~~~
In file included from src/map/if/acd/ac_wrapper.cpp:19:
In file included from src/map/if/acd/ac_wrapper.h:31:
In file included from ./src/map/if/if.h:34:
In file included from ./src/misc/vec/vec.h:39:
./src/misc/vec/vecMem.h:427:19: error: constant expression evaluates to 14757395258967641292 which cannot be narrowed to type 'word' (aka 'unsigned long') [-Wc++11-narrowing]
  427 |         ABC_CONST(0xCCCCCCCCCCCCCCCC),
      |                   ^~~~~~~~~~~~~~~~~~
./src/misc/vec/vecMem.h:427:19: note: insert an explicit cast to silence this issue
  427 |         ABC_CONST(0xCCCCCCCCCCCCCCCC),
      |                   ^~~~~~~~~~~~~~~~~~ 
      |         static_cast<word>(           )
./src/misc/util/abc_global.h:242:29: note: expanded from macro 'ABC_CONST'
  242 |   #define ABC_CONST(number) number
      |                             ^~~~~~
In file included from src/map/if/acd/ac_wrapper.cpp:19:
In file included from src/map/if/acd/ac_wrapper.h:31:
In file included from ./src/map/if/if.h:34:
In file included from ./src/misc/vec/vec.h:39:
./src/misc/vec/vecMem.h:428:19: error: constant expression evaluates to 17361641481138401520 which cannot be narrowed to type 'word' (aka 'unsigned long') [-Wc++11-narrowing]
  428 |         ABC_CONST(0xF0F0F0F0F0F0F0F0),
      |                   ^~~~~~~~~~~~~~~~~~
./src/misc/vec/vecMem.h:428:19: note: insert an explicit cast to silence this issue
  428 |         ABC_CONST(0xF0F0F0F0F0F0F0F0),
      |                   ^~~~~~~~~~~~~~~~~~ 
      |         static_cast<word>(           )
./src/misc/util/abc_global.h:242:29: note: expanded from macro 'ABC_CONST'
  242 |   #define ABC_CONST(number) number
      |                             ^~~~~~
In file included from src/map/if/acd/ac_wrapper.cpp:19:
In file included from src/map/if/acd/ac_wrapper.h:31:
In file included from ./src/map/if/if.h:34:
In file included from ./src/misc/vec/vec.h:39:
./src/misc/vec/vecMem.h:429:19: error: constant expression evaluates to 18374966859414961920 which cannot be narrowed to type 'word' (aka 'unsigned long') [-Wc++11-narrowing]
  429 |         ABC_CONST(0xFF00FF00FF00FF00),
      |                   ^~~~~~~~~~~~~~~~~~
./src/misc/vec/vecMem.h:429:19: note: insert an explicit cast to silence this issue
  429 |         ABC_CONST(0xFF00FF00FF00FF00),
      |                   ^~~~~~~~~~~~~~~~~~ 
      |         static_cast<word>(           )
./src/misc/util/abc_global.h:242:29: note: expanded from macro 'ABC_CONST'
  242 |   #define ABC_CONST(number) number
      |                             ^~~~~~
In file included from src/map/if/acd/ac_wrapper.cpp:19:
In file included from src/map/if/acd/ac_wrapper.h:31:
In file included from ./src/map/if/if.h:34:
In file included from ./src/misc/vec/vec.h:39:
./src/misc/vec/vecMem.h:430:19: error: constant expression evaluates to 18446462603027742720 which cannot be narrowed to type 'word' (aka 'unsigned long') [-Wc++11-narrowing]
  430 |         ABC_CONST(0xFFFF0000FFFF0000),
      |                   ^~~~~~~~~~~~~~~~~~
./src/misc/vec/vecMem.h:430:19: note: insert an explicit cast to silence this issue
  430 |         ABC_CONST(0xFFFF0000FFFF0000),
      |                   ^~~~~~~~~~~~~~~~~~ 
      |         static_cast<word>(           )
./src/misc/util/abc_global.h:242:29: note: expanded from macro 'ABC_CONST'
  242 |   #define ABC_CONST(number) number
      |                             ^~~~~~
In file included from src/map/if/acd/ac_wrapper.cpp:19:
In file included from src/map/if/acd/ac_wrapper.h:31:
In file included from ./src/map/if/if.h:34:
In file included from ./src/misc/vec/vec.h:39:
./src/misc/vec/vecMem.h:431:19: error: constant expression evaluates to 18446744069414584320 which cannot be narrowed to type 'word' (aka 'unsigned long') [-Wc++11-narrowing]
  431 |         ABC_CONST(0xFFFFFFFF00000000)
      |                   ^~~~~~~~~~~~~~~~~~
./src/misc/vec/vecMem.h:431:19: note: insert an explicit cast to silence this issue
  431 |         ABC_CONST(0xFFFFFFFF00000000)
      |                   ^~~~~~~~~~~~~~~~~~ 
      |         static_cast<word>(           )
./src/misc/util/abc_global.h:242:29: note: expanded from macro 'ABC_CONST'
  242 |   #define ABC_CONST(number) number
      |                             ^~~~~~
In file included from src/map/if/acd/ac_wrapper.cpp:19:
In file included from src/map/if/acd/ac_wrapper.h:31:
In file included from ./src/map/if/if.h:34:
In file included from ./src/misc/vec/vec.h:39:
./src/misc/vec/vecMem.h:431:19: warning: implicit conversion from 'unsigned long long' to 'word' (aka 'unsigned long') changes value from 18446744069414584320 to 0 [-Wconstant-conversion]
  425 |     static word sTruths6[6] = {
      |                               ~
  426 |         ABC_CONST(0xAAAAAAAAAAAAAAAA),
  427 |         ABC_CONST(0xCCCCCCCCCCCCCCCC),
  428 |         ABC_CONST(0xF0F0F0F0F0F0F0F0),
  429 |         ABC_CONST(0xFF00FF00FF00FF00),
  430 |         ABC_CONST(0xFFFF0000FFFF0000),
  431 |         ABC_CONST(0xFFFFFFFF00000000)
      |                   ^~~~~~~~~~~~~~~~~~
./src/misc/util/abc_global.h:242:29: note: expanded from macro 'ABC_CONST'
  242 |   #define ABC_CONST(number) number
      |                             ^~~~~~
In file included from src/map/if/acd/ac_wrapper.cpp:19:
In file included from src/map/if/acd/ac_wrapper.h:31:
In file included from ./src/map/if/if.h:34:
In file included from ./src/misc/vec/vec.h:39:
./src/misc/vec/vecMem.h:430:19: warning: implicit conversion from 'unsigned long long' to 'word' (aka 'unsigned long') changes value from 18446462603027742720 to 4294901760 [-Wconstant-conversion]
  425 |     static word sTruths6[6] = {
      |                               ~
  426 |         ABC_CONST(0xAAAAAAAAAAAAAAAA),
  427 |         ABC_CONST(0xCCCCCCCCCCCCCCCC),
  428 |         ABC_CONST(0xF0F0F0F0F0F0F0F0),
  429 |         ABC_CONST(0xFF00FF00FF00FF00),
  430 |         ABC_CONST(0xFFFF0000FFFF0000),
      |                   ^~~~~~~~~~~~~~~~~~
./src/misc/util/abc_global.h:242:29: note: expanded from macro 'ABC_CONST'
  242 |   #define ABC_CONST(number) number
      |                             ^~~~~~
In file included from src/map/if/acd/ac_wrapper.cpp:19:
In file included from src/map/if/acd/ac_wrapper.h:31:
In file included from ./src/map/if/if.h:34:
In file included from ./src/misc/vec/vec.h:39:
./src/misc/vec/vecMem.h:429:19: warning: implicit conversion from 'unsigned long long' to 'word' (aka 'unsigned long') changes value from 18374966859414961920 to 4278255360 [-Wconstant-conversion]
  425 |     static word sTruths6[6] = {
      |                               ~
  426 |         ABC_CONST(0xAAAAAAAAAAAAAAAA),
  427 |         ABC_CONST(0xCCCCCCCCCCCCCCCC),
  428 |         ABC_CONST(0xF0F0F0F0F0F0F0F0),
  429 |         ABC_CONST(0xFF00FF00FF00FF00),
      |                   ^~~~~~~~~~~~~~~~~~
./src/misc/util/abc_global.h:242:29: note: expanded from macro 'ABC_CONST'
  242 |   #define ABC_CONST(number) number
      |                             ^~~~~~
In file included from src/map/if/acd/ac_wrapper.cpp:19:
In file included from src/map/if/acd/ac_wrapper.h:31:
In file included from ./src/map/if/if.h:34:
In file included from ./src/misc/vec/vec.h:39:
./src/misc/vec/vecMem.h:428:19: warning: implicit conversion from 'unsigned long long' to 'word' (aka 'unsigned long') changes value from 17361641481138401520 to 4042322160 [-Wconstant-conversion]
  425 |     static word sTruths6[6] = {
      |                               ~
  426 |         ABC_CONST(0xAAAAAAAAAAAAAAAA),
  427 |         ABC_CONST(0xCCCCCCCCCCCCCCCC),
  428 |         ABC_CONST(0xF0F0F0F0F0F0F0F0),
      |                   ^~~~~~~~~~~~~~~~~~
./src/misc/util/abc_global.h:242:29: note: expanded from macro 'ABC_CONST'
  242 |   #define ABC_CONST(number) number
      |                             ^~~~~~
In file included from src/map/if/acd/ac_wrapper.cpp:19:
In file included from src/map/if/acd/ac_wrapper.h:31:
In file included from ./src/map/if/if.h:34:
In file included from ./src/misc/vec/vec.h:39:
./src/misc/vec/vecMem.h:427:19: warning: implicit conversion from 'unsigned long long' to 'word' (aka 'unsigned long') changes value from 14757395258967641292 to 3435973836 [-Wconstant-conversion]
  425 |     static word sTruths6[6] = {
      |                               ~
  426 |         ABC_CONST(0xAAAAAAAAAAAAAAAA),
  427 |         ABC_CONST(0xCCCCCCCCCCCCCCCC),
      |                   ^~~~~~~~~~~~~~~~~~
./src/misc/util/abc_global.h:242:29: note: expanded from macro 'ABC_CONST'
  242 |   #define ABC_CONST(number) number
      |                             ^~~~~~
In file included from src/map/if/acd/ac_wrapper.cpp:19:
In file included from src/map/if/acd/ac_wrapper.h:31:
In file included from ./src/map/if/if.h:34:
In file included from ./src/misc/vec/vec.h:39:
./src/misc/vec/vecMem.h:426:19: warning: implicit conversion from 'unsigned long long' to 'word' (aka 'unsigned long') changes value from 12297829382473034410 to 2863311530 [-Wconstant-conversion]
  425 |     static word sTruths6[6] = {
      |                               ~
  426 |         ABC_CONST(0xAAAAAAAAAAAAAAAA),
      |                   ^~~~~~~~~~~~~~~~~~
./src/misc/util/abc_global.h:242:29: note: expanded from macro 'ABC_CONST'
  242 |   #define ABC_CONST(number) number
      |                             ^~~~~~
In file included from src/map/if/acd/ac_wrapper.cpp:19:
In file included from src/map/if/acd/ac_wrapper.h:31:
In file included from ./src/map/if/if.h:39:
./src/misc/util/utilTruth.h:60:15: error: constant expression evaluates to 12297829382473034410 which cannot be narrowed to type 'word' (aka 'unsigned long') [-Wc++11-narrowing]
   60 |     ABC_CONST(0xAAAAAAAAAAAAAAAA),
      |               ^~~~~~~~~~~~~~~~~~
./src/misc/util/utilTruth.h:60:15: note: insert an explicit cast to silence this issue
   60 |     ABC_CONST(0xAAAAAAAAAAAAAAAA),
      |               ^~~~~~~~~~~~~~~~~~ 
      |     static_cast<word>(           )
./src/misc/util/abc_global.h:242:29: note: expanded from macro 'ABC_CONST'
  242 |   #define ABC_CONST(number) number
      |                             ^~~~~~
In file included from src/map/if/acd/ac_wrapper.cpp:19:
In file included from src/map/if/acd/ac_wrapper.h:31:
In file included from ./src/map/if/if.h:39:
./src/misc/util/utilTruth.h:61:15: error: constant expression evaluates to 14757395258967641292 which cannot be narrowed to type 'word' (aka 'unsigned long') [-Wc++11-narrowing]
   61 |     ABC_CONST(0xCCCCCCCCCCCCCCCC),
      |               ^~~~~~~~~~~~~~~~~~
./src/misc/util/utilTruth.h:61:15: note: insert an explicit cast to silence this issue
   61 |     ABC_CONST(0xCCCCCCCCCCCCCCCC),
      |               ^~~~~~~~~~~~~~~~~~ 
      |     static_cast<word>(           )
./src/misc/util/abc_global.h:242:29: note: expanded from macro 'ABC_CONST'
  242 |   #define ABC_CONST(number) number
      |                             ^~~~~~
In file included from src/map/if/acd/ac_wrapper.cpp:19:
In file included from src/map/if/acd/ac_wrapper.h:31:
In file included from ./src/map/if/if.h:39:
./src/misc/util/utilTruth.h:62:15: error: constant expression evaluates to 17361641481138401520 which cannot be narrowed to type 'word' (aka 'unsigned long') [-Wc++11-narrowing]
   62 |     ABC_CONST(0xF0F0F0F0F0F0F0F0),
      |               ^~~~~~~~~~~~~~~~~~
./src/misc/util/utilTruth.h:62:15: note: insert an explicit cast to silence this issue
   62 |     ABC_CONST(0xF0F0F0F0F0F0F0F0),
      |               ^~~~~~~~~~~~~~~~~~ 
      |     static_cast<word>(           )
./src/misc/util/abc_global.h:242:29: note: expanded from macro 'ABC_CONST'
  242 |   #define ABC_CONST(number) number
      |                             ^~~~~~
In file included from src/map/if/acd/ac_wrapper.cpp:19:
In file included from src/map/if/acd/ac_wrapper.h:31:
In file included from ./src/map/if/if.h:39:
./src/misc/util/utilTruth.h:63:15: error: constant expression evaluates to 18374966859414961920 which cannot be narrowed to type 'word' (aka 'unsigned long') [-Wc++11-narrowing]
   63 |     ABC_CONST(0xFF00FF00FF00FF00),
      |               ^~~~~~~~~~~~~~~~~~
./src/misc/util/utilTruth.h:63:15: note: insert an explicit cast to silence this issue
   63 |     ABC_CONST(0xFF00FF00FF00FF00),
      |               ^~~~~~~~~~~~~~~~~~ 
      |     static_cast<word>(           )
./src/misc/util/abc_global.h:242:29: note: expanded from macro 'ABC_CONST'
  242 |   #define ABC_CONST(number) number
      |                             ^~~~~~
In file included from src/map/if/acd/ac_wrapper.cpp:19:
In file included from src/map/if/acd/ac_wrapper.h:31:
In file included from ./src/map/if/if.h:39:
./src/misc/util/utilTruth.h:64:15: error: constant expression evaluates to 18446462603027742720 which cannot be narrowed to type 'word' (aka 'unsigned long') [-Wc++11-narrowing]
   64 |     ABC_CONST(0xFFFF0000FFFF0000),
      |               ^~~~~~~~~~~~~~~~~~
./src/misc/util/utilTruth.h:64:15: note: insert an explicit cast to silence this issue
   64 |     ABC_CONST(0xFFFF0000FFFF0000),
      |               ^~~~~~~~~~~~~~~~~~ 
      |     static_cast<word>(           )
./src/misc/util/abc_global.h:242:29: note: expanded from macro 'ABC_CONST'
  242 |   #define ABC_CONST(number) number
      |                             ^~~~~~
fatal error: too many errors emitted, stopping now [-ferror-limit=]
14 warnings and 20 errors generated.
make: *** [Makefile:198: src/map/if/acd/ac_wrapper.o] Error 1
make: *** Waiting for unfinished jobs....
src/misc/util/utilPrefix.cpp:185:1: warning: 'Graph' defined as a struct here but previously declared as a class; this is valid, but may result in linker errors under the Microsoft C++ ABI [-Wmismatched-tags]
  185 | struct Graph {
      | ^
src/misc/util/utilPrefix.cpp:46:1: note: did you mean struct here?
   46 | class Graph;
      | ^~~~~
      | struct
1 warning generated.
real 355.46
user 152.74
sys 280.37
