{
  "all_pass": true,
  "audit": {
    "compressed_pages": 8,
    "output_bytes": 2425,
    "retained_pages": 4,
    "row_groups": [
      {
        "columns": [
          {
            "cuts": [
              5,
              12,
              32
            ],
            "name": "ts",
            "pages": 3,
            "retained": [
              false,
              true,
              false
            ]
          },
          {
            "cuts": [
              5,
              12,
              32
            ],
            "name": "f64",
            "pages": 3,
            "retained": [
              false,
              true,
              false
            ]
          },
          {
            "cuts": [
              5,
              12,
              32
            ],
            "name": "i64",
            "pages": 3,
            "retained": [
              false,
              true,
              false
            ]
          },
          {
            "cuts": [
              5,
              12,
              32
            ],
            "name": "txt",
            "pages": 3,
            "retained": [
              false,
              true,
              false
            ]
          }
        ],
        "row_group": 0,
        "rows": 32
      }
    ]
  },
  "candidate": "<LEGACY_LOCAL_PROJECT_ROOT>\\stages\\stageA\\PARQUET-PAGE-COSEGMENT\\exceptional-r3g\\artifacts\\preclaim\\witness\\witness_candidate.parquet",
  "checks": {
    "arrow_table_equal": true,
    "datafusion_sql_equal": true,
    "independent_retention_counts": true,
    "mixed_retention": true,
    "nonuniform_three_pages": true,
    "row_group_count_equal": true,
    "row_group_rows_equal": true,
    "schema_equal": true,
    "standard_indexes_and_v2_headers": true
  },
  "index_audit": {
    "all_v2": true,
    "columns": 4,
    "compressed_pages": 8,
    "index_lengths_match": true,
    "pages": 12,
    "pass": true,
    "retained_pages": 4
  },
  "seed": "<LEGACY_LOCAL_PROJECT_ROOT>\\stages\\stageA\\PARQUET-PAGE-COSEGMENT\\exceptional-r3g\\artifacts\\preclaim\\witness\\witness_seed.parquet"
}
{
  "catalog": [
    {
      "boundary": "source",
      "id": "source-original",
      "representation": "source-original"
    },
    {
      "boundary": {
        "id": "fixed-r1024-b65536",
        "kind": "fixed",
        "page_bytes": 65536,
        "row_limit": 1024
      },
      "id": "fixed-r1024-b65536__native-v1-zstd-plain",
      "representation": "native-v1-zstd-plain"
    },
    {
      "boundary": {
        "id": "fixed-r1024-b65536",
        "kind": "fixed",
        "page_bytes": 65536,
        "row_limit": 1024
      },
      "id": "fixed-r1024-b65536__native-v1-zstd-dictionary",
      "representation": "native-v1-zstd-dictionary"
    },
    {
      "boundary": {
        "id": "fixed-r1024-b65536",
        "kind": "fixed",
        "page_bytes": 65536,
        "row_limit": 1024
      },
      "id": "fixed-r1024-b65536__native-v2-zstd-plain",
      "representation": "native-v2-zstd-plain"
    },
    {
      "boundary": {
        "id": "fixed-r1024-b65536",
        "kind": "fixed",
        "page_bytes": 65536,
        "row_limit": 1024
      },
      "id": "fixed-r1024-b65536__native-v2-zstd-dictionary",
      "representation": "native-v2-zstd-dictionary"
    },
    {
      "boundary": {
        "id": "fixed-r1024-b65536",
        "kind": "fixed",
        "page_bytes": 65536,
        "row_limit": 1024
      },
      "id": "fixed-r1024-b65536__native-v2-zstd-bss",
      "representation": "native-v2-zstd-bss"
    },
    {
      "boundary": {
        "id": "fixed-r1024-b65536",
        "kind": "fixed",
        "page_bytes": 65536,
        "row_limit": 1024
      },
      "id": "fixed-r1024-b65536__custom-v2-zstd-always-compressed",
      "representation": "custom-v2-zstd-always-compressed"
    },
    {
      "boundary": {
        "id": "fixed-r1024-b65536",
        "kind": "fixed",
        "page_bytes": 65536,
        "row_limit": 1024
      },
      "id": "fixed-r1024-b65536__custom-v2-zstd-threshold-0_9",
      "representation": "custom-v2-zstd-threshold-0_9"
    },
    {
      "boundary": {
        "id": "fixed-r1024-b262144",
        "kind": "fixed",
        "page_bytes": 262144,
        "row_limit": 1024
      },
      "id": "fixed-r1024-b262144__native-v1-zstd-plain",
      "representation": "native-v1-zstd-plain"
    },
    {
      "boundary": {
        "id": "fixed-r1024-b262144",
        "kind": "fixed",
        "page_bytes": 262144,
        "row_limit": 1024
      },
      "id": "fixed-r1024-b262144__native-v1-zstd-dictionary",
      "representation": "native-v1-zstd-dictionary"
    },
    {
      "boundary": {
        "id": "fixed-r1024-b262144",
        "kind": "fixed",
        "page_bytes": 262144,
        "row_limit": 1024
      },
      "id": "fixed-r1024-b262144__native-v2-zstd-plain",
      "representation": "native-v2-zstd-plain"
    },
    {
      "boundary": {
        "id": "fixed-r1024-b262144",
        "kind": "fixed",
        "page_bytes": 262144,
        "row_limit": 1024
      },
      "id": "fixed-r1024-b262144__native-v2-zstd-dictionary",
      "representation": "native-v2-zstd-dictionary"
    },
    {
      "boundary": {
        "id": "fixed-r1024-b262144",
        "kind": "fixed",
        "page_bytes": 262144,
        "row_limit": 1024
      },
      "id": "fixed-r1024-b262144__native-v2-zstd-bss",
      "representation": "native-v2-zstd-bss"
    },
    {
      "boundary": {
        "id": "fixed-r1024-b262144",
        "kind": "fixed",
        "page_bytes": 262144,
        "row_limit": 1024
      },
      "id": "fixed-r1024-b262144__custom-v2-zstd-always-compressed",
      "representation": "custom-v2-zstd-always-compressed"
    },
    {
      "boundary": {
        "id": "fixed-r1024-b262144",
        "kind": "fixed",
        "page_bytes": 262144,
        "row_limit": 1024
      },
      "id": "fixed-r1024-b262144__custom-v2-zstd-threshold-0_9",
      "representation": "custom-v2-zstd-threshold-0_9"
    },
    {
      "boundary": {
        "id": "fixed-r1024-b1048576",
        "kind": "fixed",
        "page_bytes": 1048576,
        "row_limit": 1024
      },
      "id": "fixed-r1024-b1048576__native-v1-zstd-plain",
      "representation": "native-v1-zstd-plain"
    },
    {
      "boundary": {
        "id": "fixed-r1024-b1048576",
        "kind": "fixed",
        "page_bytes": 1048576,
        "row_limit": 1024
      },
      "id": "fixed-r1024-b1048576__native-v1-zstd-dictionary",
      "representation": "native-v1-zstd-dictionary"
    },
    {
      "boundary": {
        "id": "fixed-r1024-b1048576",
        "kind": "fixed",
        "page_bytes": 1048576,
        "row_limit": 1024
      },
      "id": "fixed-r1024-b1048576__native-v2-zstd-plain",
      "representation": "native-v2-zstd-plain"
    },
    {
      "boundary": {
        "id": "fixed-r1024-b1048576",
        "kind": "fixed",
        "page_bytes": 1048576,
        "row_limit": 1024
      },
      "id": "fixed-r1024-b1048576__native-v2-zstd-dictionary",
      "representation": "native-v2-zstd-dictionary"
    },
    {
      "boundary": {
        "id": "fixed-r1024-b1048576",
        "kind": "fixed",
        "page_bytes": 1048576,
        "row_limit": 1024
      },
      "id": "fixed-r1024-b1048576__native-v2-zstd-bss",
      "representation": "native-v2-zstd-bss"
    },
    {
      "boundary": {
        "id": "fixed-r1024-b1048576",
        "kind": "fixed",
        "page_bytes": 1048576,
        "row_limit": 1024
      },
      "id": "fixed-r1024-b1048576__custom-v2-zstd-always-compressed",
      "representation": "custom-v2-zstd-always-compressed"
    },
    {
      "boundary": {
        "id": "fixed-r1024-b1048576",
        "kind": "fixed",
        "page_bytes": 1048576,
        "row_limit": 1024
      },
      "id": "fixed-r1024-b1048576__custom-v2-zstd-threshold-0_9",
      "representation": "custom-v2-zstd-threshold-0_9"
    },
    {
      "boundary": {
        "id": "fixed-r4096-b65536",
        "kind": "fixed",
        "page_bytes": 65536,
        "row_limit": 4096
      },
      "id": "fixed-r4096-b65536__native-v1-zstd-plain",
      "representation": "native-v1-zstd-plain"
    },
    {
      "boundary": {
        "id": "fixed-r4096-b65536",
        "kind": "fixed",
        "page_bytes": 65536,
        "row_limit": 4096
      },
      "id": "fixed-r4096-b65536__native-v1-zstd-dictionary",
      "representation": "native-v1-zstd-dictionary"
    },
    {
      "boundary": {
        "id": "fixed-r4096-b65536",
        "kind": "fixed",
        "page_bytes": 65536,
        "row_limit": 4096
      },
      "id": "fixed-r4096-b65536__native-v2-zstd-plain",
      "representation": "native-v2-zstd-plain"
    },
    {
      "boundary": {
        "id": "fixed-r4096-b65536",
        "kind": "fixed",
        "page_bytes": 65536,
        "row_limit": 4096
      },
      "id": "fixed-r4096-b65536__native-v2-zstd-dictionary",
      "representation": "native-v2-zstd-dictionary"
    },
    {
      "boundary": {
        "id": "fixed-r4096-b65536",
        "kind": "fixed",
        "page_bytes": 65536,
        "row_limit": 4096
      },
      "id": "fixed-r4096-b65536__native-v2-zstd-bss",
      "representation": "native-v2-zstd-bss"
    },
    {
      "boundary": {
        "id": "fixed-r4096-b65536",
        "kind": "fixed",
        "page_bytes": 65536,
        "row_limit": 4096
      },
      "id": "fixed-r4096-b65536__custom-v2-zstd-always-compressed",
      "representation": "custom-v2-zstd-always-compressed"
    },
    {
      "boundary": {
        "id": "fixed-r4096-b65536",
        "kind": "fixed",
        "page_bytes": 65536,
        "row_limit": 4096
      },
      "id": "fixed-r4096-b65536__custom-v2-zstd-threshold-0_9",
      "representation": "custom-v2-zstd-threshold-0_9"
    },
    {
      "boundary": {
        "id": "fixed-r4096-b262144",
        "kind": "fixed",
        "page_bytes": 262144,
        "row_limit": 4096
      },
      "id": "fixed-r4096-b262144__native-v1-zstd-plain",
      "representation": "native-v1-zstd-plain"
    },
    {
      "boundary": {
        "id": "fixed-r4096-b262144",
        "kind": "fixed",
        "page_bytes": 262144,
        "row_limit": 4096
      },
      "id": "fixed-r4096-b262144__native-v1-zstd-dictionary",
      "representation": "native-v1-zstd-dictionary"
    },
    {
      "boundary": {
        "id": "fixed-r4096-b262144",
        "kind": "fixed",
        "page_bytes": 262144,
        "row_limit": 4096
      },
      "id": "fixed-r4096-b262144__native-v2-zstd-plain",
      "representation": "native-v2-zstd-plain"
    },
    {
      "boundary": {
        "id": "fixed-r4096-b262144",
        "kind": "fixed",
        "page_bytes": 262144,
        "row_limit": 4096
      },
      "id": "fixed-r4096-b262144__native-v2-zstd-dictionary",
      "representation": "native-v2-zstd-dictionary"
    },
    {
      "boundary": {
        "id": "fixed-r4096-b262144",
        "kind": "fixed",
        "page_bytes": 262144,
        "row_limit": 4096
      },
      "id": "fixed-r4096-b262144__native-v2-zstd-bss",
      "representation": "native-v2-zstd-bss"
    },
    {
      "boundary": {
        "id": "fixed-r4096-b262144",
        "kind": "fixed",
        "page_bytes": 262144,
        "row_limit": 4096
      },
      "id": "fixed-r4096-b262144__custom-v2-zstd-always-compressed",
      "representation": "custom-v2-zstd-always-compressed"
    },
    {
      "boundary": {
        "id": "fixed-r4096-b262144",
        "kind": "fixed",
        "page_bytes": 262144,
        "row_limit": 4096
      },
      "id": "fixed-r4096-b262144__custom-v2-zstd-threshold-0_9",
      "representation": "custom-v2-zstd-threshold-0_9"
    },
    {
      "boundary": {
        "id": "fixed-r4096-b1048576",
        "kind": "fixed",
        "page_bytes": 1048576,
        "row_limit": 4096
      },
      "id": "fixed-r4096-b1048576__native-v1-zstd-plain",
      "representation": "native-v1-zstd-plain"
    },
    {
      "boundary": {
        "id": "fixed-r4096-b1048576",
        "kind": "fixed",
        "page_bytes": 1048576,
        "row_limit": 4096
      },
      "id": "fixed-r4096-b1048576__native-v1-zstd-dictionary",
      "representation": "native-v1-zstd-dictionary"
    },
    {
      "boundary": {
        "id": "fixed-r4096-b1048576",
        "kind": "fixed",
        "page_bytes": 1048576,
        "row_limit": 4096
      },
      "id": "fixed-r4096-b1048576__native-v2-zstd-plain",
      "representation": "native-v2-zstd-plain"
    },
    {
      "boundary": {
        "id": "fixed-r4096-b1048576",
        "kind": "fixed",
        "page_bytes": 1048576,
        "row_limit": 4096
      },
      "id": "fixed-r4096-b1048576__native-v2-zstd-dictionary",
      "representation": "native-v2-zstd-dictionary"
    },
    {
      "boundary": {
        "id": "fixed-r4096-b1048576",
        "kind": "fixed",
        "page_bytes": 1048576,
        "row_limit": 4096
      },
      "id": "fixed-r4096-b1048576__native-v2-zstd-bss",
      "representation": "native-v2-zstd-bss"
    },
    {
      "boundary": {
        "id": "fixed-r4096-b1048576",
        "kind": "fixed",
        "page_bytes": 1048576,
        "row_limit": 4096
      },
      "id": "fixed-r4096-b1048576__custom-v2-zstd-always-compressed",
      "representation": "custom-v2-zstd-always-compressed"
    },
    {
      "boundary": {
        "id": "fixed-r4096-b1048576",
        "kind": "fixed",
        "page_bytes": 1048576,
        "row_limit": 4096
      },
      "id": "fixed-r4096-b1048576__custom-v2-zstd-threshold-0_9",
      "representation": "custom-v2-zstd-threshold-0_9"
    },
    {
      "boundary": {
        "id": "fixed-r16384-b65536",
        "kind": "fixed",
        "page_bytes": 65536,
        "row_limit": 16384
      },
      "id": "fixed-r16384-b65536__native-v1-zstd-plain",
      "representation": "native-v1-zstd-plain"
    },
    {
      "boundary": {
        "id": "fixed-r16384-b65536",
        "kind": "fixed",
        "page_bytes": 65536,
        "row_limit": 16384
      },
      "id": "fixed-r16384-b65536__native-v1-zstd-dictionary",
      "representation": "native-v1-zstd-dictionary"
    },
    {
      "boundary": {
        "id": "fixed-r16384-b65536",
        "kind": "fixed",
        "page_bytes": 65536,
        "row_limit": 16384
      },
      "id": "fixed-r16384-b65536__native-v2-zstd-plain",
      "representation": "native-v2-zstd-plain"
    },
    {
      "boundary": {
        "id": "fixed-r16384-b65536",
        "kind": "fixed",
        "page_bytes": 65536,
        "row_limit": 16384
      },
      "id": "fixed-r16384-b65536__native-v2-zstd-dictionary",
      "representation": "native-v2-zstd-dictionary"
    },
    {
      "boundary": {
        "id": "fixed-r16384-b65536",
        "kind": "fixed",
        "page_bytes": 65536,
        "row_limit": 16384
      },
      "id": "fixed-r16384-b65536__native-v2-zstd-bss",
      "representation": "native-v2-zstd-bss"
    },
    {
      "boundary": {
        "id": "fixed-r16384-b65536",
        "kind": "fixed",
        "page_bytes": 65536,
        "row_limit": 16384
      },
      "id": "fixed-r16384-b65536__custom-v2-zstd-always-compressed",
      "representation": "custom-v2-zstd-always-compressed"
    },
    {
      "boundary": {
        "id": "fixed-r16384-b65536",
        "kind": "fixed",
        "page_bytes": 65536,
        "row_limit": 16384
      },
      "id": "fixed-r16384-b65536__custom-v2-zstd-threshold-0_9",
      "representation": "custom-v2-zstd-threshold-0_9"
    },
    {
      "boundary": {
        "id": "fixed-r16384-b262144",
        "kind": "fixed",
        "page_bytes": 262144,
        "row_limit": 16384
      },
      "id": "fixed-r16384-b262144__native-v1-zstd-plain",
      "representation": "native-v1-zstd-plain"
    },
    {
      "boundary": {
        "id": "fixed-r16384-b262144",
        "kind": "fixed",
        "page_bytes": 262144,
        "row_limit": 16384
      },
      "id": "fixed-r16384-b262144__native-v1-zstd-dictionary",
      "representation": "native-v1-zstd-dictionary"
    },
    {
      "boundary": {
        "id": "fixed-r16384-b262144",
        "kind": "fixed",
        "page_bytes": 262144,
        "row_limit": 16384
      },
      "id": "fixed-r16384-b262144__native-v2-zstd-plain",
      "representation": "native-v2-zstd-plain"
    },
    {
      "boundary": {
        "id": "fixed-r16384-b262144",
        "kind": "fixed",
        "page_bytes": 262144,
        "row_limit": 16384
      },
      "id": "fixed-r16384-b262144__native-v2-zstd-dictionary",
      "representation": "native-v2-zstd-dictionary"
    },
    {
      "boundary": {
        "id": "fixed-r16384-b262144",
        "kind": "fixed",
        "page_bytes": 262144,
        "row_limit": 16384
      },
      "id": "fixed-r16384-b262144__native-v2-zstd-bss",
      "representation": "native-v2-zstd-bss"
    },
    {
      "boundary": {
        "id": "fixed-r16384-b262144",
        "kind": "fixed",
        "page_bytes": 262144,
        "row_limit": 16384
      },
      "id": "fixed-r16384-b262144__custom-v2-zstd-always-compressed",
      "representation": "custom-v2-zstd-always-compressed"
    },
    {
      "boundary": {
        "id": "fixed-r16384-b262144",
        "kind": "fixed",
        "page_bytes": 262144,
        "row_limit": 16384
      },
      "id": "fixed-r16384-b262144__custom-v2-zstd-threshold-0_9",
      "representation": "custom-v2-zstd-threshold-0_9"
    },
    {
      "boundary": {
        "id": "fixed-r16384-b1048576",
        "kind": "fixed",
        "page_bytes": 1048576,
        "row_limit": 16384
      },
      "id": "fixed-r16384-b1048576__native-v1-zstd-plain",
      "representation": "native-v1-zstd-plain"
    },
    {
      "boundary": {
        "id": "fixed-r16384-b1048576",
        "kind": "fixed",
        "page_bytes": 1048576,
        "row_limit": 16384
      },
      "id": "fixed-r16384-b1048576__native-v1-zstd-dictionary",
      "representation": "native-v1-zstd-dictionary"
    },
    {
      "boundary": {
        "id": "fixed-r16384-b1048576",
        "kind": "fixed",
        "page_bytes": 1048576,
        "row_limit": 16384
      },
      "id": "fixed-r16384-b1048576__native-v2-zstd-plain",
      "representation": "native-v2-zstd-plain"
    },
    {
      "boundary": {
        "id": "fixed-r16384-b1048576",
        "kind": "fixed",
        "page_bytes": 1048576,
        "row_limit": 16384
      },
      "id": "fixed-r16384-b1048576__native-v2-zstd-dictionary",
      "representation": "native-v2-zstd-dictionary"
    },
    {
      "boundary": {
        "id": "fixed-r16384-b1048576",
        "kind": "fixed",
        "page_bytes": 1048576,
        "row_limit": 16384
      },
      "id": "fixed-r16384-b1048576__native-v2-zstd-bss",
      "representation": "native-v2-zstd-bss"
    },
    {
      "boundary": {
        "id": "fixed-r16384-b1048576",
        "kind": "fixed",
        "page_bytes": 1048576,
        "row_limit": 16384
      },
      "id": "fixed-r16384-b1048576__custom-v2-zstd-always-compressed",
      "representation": "custom-v2-zstd-always-compressed"
    },
    {
      "boundary": {
        "id": "fixed-r16384-b1048576",
        "kind": "fixed",
        "page_bytes": 1048576,
        "row_limit": 16384
      },
      "id": "fixed-r16384-b1048576__custom-v2-zstd-threshold-0_9",
      "representation": "custom-v2-zstd-threshold-0_9"
    },
    {
      "boundary": {
        "id": "fixed-r65536-b65536",
        "kind": "fixed",
        "page_bytes": 65536,
        "row_limit": 65536
      },
      "id": "fixed-r65536-b65536__native-v1-zstd-plain",
      "representation": "native-v1-zstd-plain"
    },
    {
      "boundary": {
        "id": "fixed-r65536-b65536",
        "kind": "fixed",
        "page_bytes": 65536,
        "row_limit": 65536
      },
      "id": "fixed-r65536-b65536__native-v1-zstd-dictionary",
      "representation": "native-v1-zstd-dictionary"
    },
    {
      "boundary": {
        "id": "fixed-r65536-b65536",
        "kind": "fixed",
        "page_bytes": 65536,
        "row_limit": 65536
      },
      "id": "fixed-r65536-b65536__native-v2-zstd-plain",
      "representation": "native-v2-zstd-plain"
    },
    {
      "boundary": {
        "id": "fixed-r65536-b65536",
        "kind": "fixed",
        "page_bytes": 65536,
        "row_limit": 65536
      },
      "id": "fixed-r65536-b65536__native-v2-zstd-dictionary",
      "representation": "native-v2-zstd-dictionary"
    },
    {
      "boundary": {
        "id": "fixed-r65536-b65536",
        "kind": "fixed",
        "page_bytes": 65536,
        "row_limit": 65536
      },
      "id": "fixed-r65536-b65536__native-v2-zstd-bss",
      "representation": "native-v2-zstd-bss"
    },
    {
      "boundary": {
        "id": "fixed-r65536-b65536",
        "kind": "fixed",
        "page_bytes": 65536,
        "row_limit": 65536
      },
      "id": "fixed-r65536-b65536__custom-v2-zstd-always-compressed",
      "representation": "custom-v2-zstd-always-compressed"
    },
    {
      "boundary": {
        "id": "fixed-r65536-b65536",
        "kind": "fixed",
        "page_bytes": 65536,
        "row_limit": 65536
      },
      "id": "fixed-r65536-b65536__custom-v2-zstd-threshold-0_9",
      "representation": "custom-v2-zstd-threshold-0_9"
    },
    {
      "boundary": {
        "id": "fixed-r65536-b262144",
        "kind": "fixed",
        "page_bytes": 262144,
        "row_limit": 65536
      },
      "id": "fixed-r65536-b262144__native-v1-zstd-plain",
      "representation": "native-v1-zstd-plain"
    },
    {
      "boundary": {
        "id": "fixed-r65536-b262144",
        "kind": "fixed",
        "page_bytes": 262144,
        "row_limit": 65536
      },
      "id": "fixed-r65536-b262144__native-v1-zstd-dictionary",
      "representation": "native-v1-zstd-dictionary"
    },
    {
      "boundary": {
        "id": "fixed-r65536-b262144",
        "kind": "fixed",
        "page_bytes": 262144,
        "row_limit": 65536
      },
      "id": "fixed-r65536-b262144__native-v2-zstd-plain",
      "representation": "native-v2-zstd-plain"
    },
    {
      "boundary": {
        "id": "fixed-r65536-b262144",
        "kind": "fixed",
        "page_bytes": 262144,
        "row_limit": 65536
      },
      "id": "fixed-r65536-b262144__native-v2-zstd-dictionary",
      "representation": "native-v2-zstd-dictionary"
    },
    {
      "boundary": {
        "id": "fixed-r65536-b262144",
        "kind": "fixed",
        "page_bytes": 262144,
        "row_limit": 65536
      },
      "id": "fixed-r65536-b262144__native-v2-zstd-bss",
      "representation": "native-v2-zstd-bss"
    },
    {
      "boundary": {
        "id": "fixed-r65536-b262144",
        "kind": "fixed",
        "page_bytes": 262144,
        "row_limit": 65536
      },
      "id": "fixed-r65536-b262144__custom-v2-zstd-always-compressed",
      "representation": "custom-v2-zstd-always-compressed"
    },
    {
      "boundary": {
        "id": "fixed-r65536-b262144",
        "kind": "fixed",
        "page_bytes": 262144,
        "row_limit": 65536
      },
      "id": "fixed-r65536-b262144__custom-v2-zstd-threshold-0_9",
      "representation": "custom-v2-zstd-threshold-0_9"
    },
    {
      "boundary": {
        "id": "fixed-r65536-b1048576",
        "kind": "fixed",
        "page_bytes": 1048576,
        "row_limit": 65536
      },
      "id": "fixed-r65536-b1048576__native-v1-zstd-plain",
      "representation": "native-v1-zstd-plain"
    },
    {
      "boundary": {
        "id": "fixed-r65536-b1048576",
        "kind": "fixed",
        "page_bytes": 1048576,
        "row_limit": 65536
      },
      "id": "fixed-r65536-b1048576__native-v1-zstd-dictionary",
      "representation": "native-v1-zstd-dictionary"
    },
    {
      "boundary": {
        "id": "fixed-r65536-b1048576",
        "kind": "fixed",
        "page_bytes": 1048576,
        "row_limit": 65536
      },
      "id": "fixed-r65536-b1048576__native-v2-zstd-plain",
      "representation": "native-v2-zstd-plain"
    },
    {
      "boundary": {
        "id": "fixed-r65536-b1048576",
        "kind": "fixed",
        "page_bytes": 1048576,
        "row_limit": 65536
      },
      "id": "fixed-r65536-b1048576__native-v2-zstd-dictionary",
      "representation": "native-v2-zstd-dictionary"
    },
    {
      "boundary": {
        "id": "fixed-r65536-b1048576",
        "kind": "fixed",
        "page_bytes": 1048576,
        "row_limit": 65536
      },
      "id": "fixed-r65536-b1048576__native-v2-zstd-bss",
      "representation": "native-v2-zstd-bss"
    },
    {
      "boundary": {
        "id": "fixed-r65536-b1048576",
        "kind": "fixed",
        "page_bytes": 1048576,
        "row_limit": 65536
      },
      "id": "fixed-r65536-b1048576__custom-v2-zstd-always-compressed",
      "representation": "custom-v2-zstd-always-compressed"
    },
    {
      "boundary": {
        "id": "fixed-r65536-b1048576",
        "kind": "fixed",
        "page_bytes": 1048576,
        "row_limit": 65536
      },
      "id": "fixed-r65536-b1048576__custom-v2-zstd-threshold-0_9",
      "representation": "custom-v2-zstd-threshold-0_9"
    },
    {
      "boundary": {
        "id": "cdc-65536-262144-n0",
        "kind": "cdc",
        "maximum": 262144,
        "minimum": 65536,
        "norm": 0
      },
      "id": "cdc-65536-262144-n0__native-v1-zstd-plain",
      "representation": "native-v1-zstd-plain"
    },
    {
      "boundary": {
        "id": "cdc-65536-262144-n0",
        "kind": "cdc",
        "maximum": 262144,
        "minimum": 65536,
        "norm": 0
      },
      "id": "cdc-65536-262144-n0__native-v1-zstd-dictionary",
      "representation": "native-v1-zstd-dictionary"
    },
    {
      "boundary": {
        "id": "cdc-65536-262144-n0",
        "kind": "cdc",
        "maximum": 262144,
        "minimum": 65536,
        "norm": 0
      },
      "id": "cdc-65536-262144-n0__native-v2-zstd-plain",
      "representation": "native-v2-zstd-plain"
    },
    {
      "boundary": {
        "id": "cdc-65536-262144-n0",
        "kind": "cdc",
        "maximum": 262144,
        "minimum": 65536,
        "norm": 0
      },
      "id": "cdc-65536-262144-n0__native-v2-zstd-dictionary",
      "representation": "native-v2-zstd-dictionary"
    },
    {
      "boundary": {
        "id": "cdc-65536-262144-n0",
        "kind": "cdc",
        "maximum": 262144,
        "minimum": 65536,
        "norm": 0
      },
      "id": "cdc-65536-262144-n0__native-v2-zstd-bss",
      "representation": "native-v2-zstd-bss"
    },
    {
      "boundary": {
        "id": "cdc-65536-262144-n0",
        "kind": "cdc",
        "maximum": 262144,
        "minimum": 65536,
        "norm": 0
      },
      "id": "cdc-65536-262144-n0__custom-v2-zstd-always-compressed",
      "representation": "custom-v2-zstd-always-compressed"
    },
    {
      "boundary": {
        "id": "cdc-65536-262144-n0",
        "kind": "cdc",
        "maximum": 262144,
        "minimum": 65536,
        "norm": 0
      },
      "id": "cdc-65536-262144-n0__custom-v2-zstd-threshold-0_9",
      "representation": "custom-v2-zstd-threshold-0_9"
    },
    {
      "boundary": {
        "id": "cdc-262144-1048576-n1",
        "kind": "cdc",
        "maximum": 1048576,
        "minimum": 262144,
        "norm": 1
      },
      "id": "cdc-262144-1048576-n1__native-v1-zstd-plain",
      "representation": "native-v1-zstd-plain"
    },
    {
      "boundary": {
        "id": "cdc-262144-1048576-n1",
        "kind": "cdc",
        "maximum": 1048576,
        "minimum": 262144,
        "norm": 1
      },
      "id": "cdc-262144-1048576-n1__native-v1-zstd-dictionary",
      "representation": "native-v1-zstd-dictionary"
    },
    {
      "boundary": {
        "id": "cdc-262144-1048576-n1",
        "kind": "cdc",
        "maximum": 1048576,
        "minimum": 262144,
        "norm": 1
      },
      "id": "cdc-262144-1048576-n1__native-v2-zstd-plain",
      "representation": "native-v2-zstd-plain"
    },
    {
      "boundary": {
        "id": "cdc-262144-1048576-n1",
        "kind": "cdc",
        "maximum": 1048576,
        "minimum": 262144,
        "norm": 1
      },
      "id": "cdc-262144-1048576-n1__native-v2-zstd-dictionary",
      "representation": "native-v2-zstd-dictionary"
    },
    {
      "boundary": {
        "id": "cdc-262144-1048576-n1",
        "kind": "cdc",
        "maximum": 1048576,
        "minimum": 262144,
        "norm": 1
      },
      "id": "cdc-262144-1048576-n1__native-v2-zstd-bss",
      "representation": "native-v2-zstd-bss"
    },
    {
      "boundary": {
        "id": "cdc-262144-1048576-n1",
        "kind": "cdc",
        "maximum": 1048576,
        "minimum": 262144,
        "norm": 1
      },
      "id": "cdc-262144-1048576-n1__custom-v2-zstd-always-compressed",
      "representation": "custom-v2-zstd-always-compressed"
    },
    {
      "boundary": {
        "id": "cdc-262144-1048576-n1",
        "kind": "cdc",
        "maximum": 1048576,
        "minimum": 262144,
        "norm": 1
      },
      "id": "cdc-262144-1048576-n1__custom-v2-zstd-threshold-0_9",
      "representation": "custom-v2-zstd-threshold-0_9"
    },
    {
      "boundary": {
        "id": "cdc-262144-2097152-n2",
        "kind": "cdc",
        "maximum": 2097152,
        "minimum": 262144,
        "norm": 2
      },
      "id": "cdc-262144-2097152-n2__native-v1-zstd-plain",
      "representation": "native-v1-zstd-plain"
    },
    {
      "boundary": {
        "id": "cdc-262144-2097152-n2",
        "kind": "cdc",
        "maximum": 2097152,
        "minimum": 262144,
        "norm": 2
      },
      "id": "cdc-262144-2097152-n2__native-v1-zstd-dictionary",
      "representation": "native-v1-zstd-dictionary"
    },
    {
      "boundary": {
        "id": "cdc-262144-2097152-n2",
        "kind": "cdc",
        "maximum": 2097152,
        "minimum": 262144,
        "norm": 2
      },
      "id": "cdc-262144-2097152-n2__native-v2-zstd-plain",
      "representation": "native-v2-zstd-plain"
    },
    {
      "boundary": {
        "id": "cdc-262144-2097152-n2",
        "kind": "cdc",
        "maximum": 2097152,
        "minimum": 262144,
        "norm": 2
      },
      "id": "cdc-262144-2097152-n2__native-v2-zstd-dictionary",
      "representation": "native-v2-zstd-dictionary"
    },
    {
      "boundary": {
        "id": "cdc-262144-2097152-n2",
        "kind": "cdc",
        "maximum": 2097152,
        "minimum": 262144,
        "norm": 2
      },
      "id": "cdc-262144-2097152-n2__native-v2-zstd-bss",
      "representation": "native-v2-zstd-bss"
    },
    {
      "boundary": {
        "id": "cdc-262144-2097152-n2",
        "kind": "cdc",
        "maximum": 2097152,
        "minimum": 262144,
        "norm": 2
      },
      "id": "cdc-262144-2097152-n2__custom-v2-zstd-always-compressed",
      "representation": "custom-v2-zstd-always-compressed"
    },
    {
      "boundary": {
        "id": "cdc-262144-2097152-n2",
        "kind": "cdc",
        "maximum": 2097152,
        "minimum": 262144,
        "norm": 2
      },
      "id": "cdc-262144-2097152-n2__custom-v2-zstd-threshold-0_9",
      "representation": "custom-v2-zstd-threshold-0_9"
    }
  ],
  "checks": {
    "catalog_106_unique": true,
    "frozen_script_hash": true,
    "frozen_witness": true,
    "latin_both_orders": true,
    "latin_executed_11_rounds_each_arm": true,
    "ledger_shared_split_once": true,
    "native_representations_equal": true
  },
  "latin_execution": {
    "candidate": {
      "measured_wall_ns": 12704200,
      "p50_wall_ns": 1307800,
      "p90_wall_ns": 1779660.0,
      "peak_rss_bytes": 128720896,
      "records": [
        {
          "cpu_ns": 0,
          "peak_rss_bytes": 128638976,
          "query": 0,
          "result": [
            "32",
            "9985",
            "106.25",
            "31"
          ],
          "round": 0,
          "wall_ns": 1433700,
          "warmup": true
        },
        {
          "cpu_ns": 15625000,
          "peak_rss_bytes": 128692224,
          "query": 0,
          "result": [
            "32",
            "9985",
            "106.25",
            "31"
          ],
          "round": 1,
          "wall_ns": 2095500,
          "warmup": true
        },
        {
          "cpu_ns": 0,
          "peak_rss_bytes": 128708608,
          "query": 0,
          "result": [
            "32",
            "9985",
            "106.25",
            "31"
          ],
          "round": 0,
          "wall_ns": 1246200
        },
        {
          "cpu_ns": 0,
          "peak_rss_bytes": 128708608,
          "query": 0,
          "result": [
            "32",
            "9985",
            "106.25",
            "31"
          ],
          "round": 1,
          "wall_ns": 1907900
        },
        {
          "cpu_ns": 0,
          "peak_rss_bytes": 128720896,
          "query": 0,
          "result": [
            "32",
            "9985",
            "106.25",
            "31"
          ],
          "round": 2,
          "wall_ns": 1592700
        },
        {
          "cpu_ns": 15625000,
          "peak_rss_bytes": 128716800,
          "query": 0,
          "result": [
            "32",
            "9985",
            "106.25",
            "31"
          ],
          "round": 3,
          "wall_ns": 1307800
        },
        {
          "cpu_ns": 0,
          "peak_rss_bytes": 128716800,
          "query": 0,
          "result": [
            "32",
            "9985",
            "106.25",
            "31"
          ],
          "round": 4,
          "wall_ns": 1308100
        },
        {
          "cpu_ns": 0,
          "peak_rss_bytes": 128716800,
          "query": 0,
          "result": [
            "32",
            "9985",
            "106.25",
            "31"
          ],
          "round": 5,
          "wall_ns": 1188300
        },
        {
          "cpu_ns": 0,
          "peak_rss_bytes": 128716800,
          "query": 0,
          "result": [
            "32",
            "9985",
            "106.25",
            "31"
          ],
          "round": 6,
          "wall_ns": 1208000
        },
        {
          "cpu_ns": 0,
          "peak_rss_bytes": 128716800,
          "query": 0,
          "result": [
            "32",
            "9985",
            "106.25",
            "31"
          ],
          "round": 7,
          "wall_ns": 1747600
        },
        {
          "cpu_ns": 0,
          "peak_rss_bytes": 128720896,
          "query": 0,
          "result": [
            "32",
            "9985",
            "106.25",
            "31"
          ],
          "round": 8,
          "wall_ns": 1197600
        }
      ],
      "total_cpu_ns": 31250000,
      "total_wall_ns": 16233400,
      "warmup_wall_ns": 3529200
    },
    "rotation_digest": "FBDC2F3B54B413A48890539529007876423DA792811924ECAE5D9413AF2927B9",
    "rotation_trace": [
      {
        "measured": false,
        "order": [
          "union",
          "candidate"
        ],
        "query": 0,
        "round": 0
      },
      {
        "measured": false,
        "order": [
          "candidate",
          "union"
        ],
        "query": 0,
        "round": 1
      },
      {
        "measured": true,
        "order": [
          "union",
          "candidate"
        ],
        "query": 0,
        "round": 2
      },
      {
        "measured": true,
        "order": [
          "candidate",
          "union"
        ],
        "query": 0,
        "round": 3
      },
      {
        "measured": true,
        "order": [
          "union",
          "candidate"
        ],
        "query": 0,
        "round": 4
      },
      {
        "measured": true,
        "order": [
          "candidate",
          "union"
        ],
        "query": 0,
        "round": 5
      },
      {
        "measured": true,
        "order": [
          "union",
          "candidate"
        ],
        "query": 0,
        "round": 6
      },
      {
        "measured": true,
        "order": [
          "candidate",
          "union"
        ],
        "query": 0,
        "round": 7
      },
      {
        "measured": true,
        "order": [
          "union",
          "candidate"
        ],
        "query": 0,
        "round": 8
      },
      {
        "measured": true,
        "order": [
          "candidate",
          "union"
        ],
        "query": 0,
        "round": 9
      },
      {
        "measured": true,
        "order": [
          "union",
          "candidate"
        ],
        "query": 0,
        "round": 10
      }
    ],
    "union": {
      "measured_wall_ns": 12767800,
      "p50_wall_ns": 1460300,
      "p90_wall_ns": 1742840.0,
      "peak_rss_bytes": 128716800,
      "records": [
        {
          "cpu_ns": 0,
          "peak_rss_bytes": 128557056,
          "query": 0,
          "result": [
            "32",
            "9985",
            "106.25",
            "31"
          ],
          "round": 0,
          "wall_ns": 2126000,
          "warmup": true
        },
        {
          "cpu_ns": 0,
          "peak_rss_bytes": 128696320,
          "query": 0,
          "result": [
            "32",
            "9985",
            "106.25",
            "31"
          ],
          "round": 1,
          "wall_ns": 1567100,
          "warmup": true
        },
        {
          "cpu_ns": 0,
          "peak_rss_bytes": 128708608,
          "query": 0,
          "result": [
            "32",
            "9985",
            "106.25",
            "31"
          ],
          "round": 0,
          "wall_ns": 1782200
        },
        {
          "cpu_ns": 0,
          "peak_rss_bytes": 128708608,
          "query": 0,
          "result": [
            "32",
            "9985",
            "106.25",
            "31"
          ],
          "round": 1,
          "wall_ns": 1560000
        },
        {
          "cpu_ns": 0,
          "peak_rss_bytes": 128708608,
          "query": 0,
          "result": [
            "32",
            "9985",
            "106.25",
            "31"
          ],
          "round": 2,
          "wall_ns": 1733000
        },
        {
          "cpu_ns": 0,
          "peak_rss_bytes": 128716800,
          "query": 0,
          "result": [
            "32",
            "9985",
            "106.25",
            "31"
          ],
          "round": 3,
          "wall_ns": 1264200
        },
        {
          "cpu_ns": 0,
          "peak_rss_bytes": 128716800,
          "query": 0,
          "result": [
            "32",
            "9985",
            "106.25",
            "31"
          ],
          "round": 4,
          "wall_ns": 1535800
        },
        {
          "cpu_ns": 0,
          "peak_rss_bytes": 128716800,
          "query": 0,
          "result": [
            "32",
            "9985",
            "106.25",
            "31"
          ],
          "round": 5,
          "wall_ns": 1460300
        },
        {
          "cpu_ns": 0,
          "peak_rss_bytes": 128716800,
          "query": 0,
          "result": [
            "32",
            "9985",
            "106.25",
            "31"
          ],
          "round": 6,
          "wall_ns": 1168500
        },
        {
          "cpu_ns": 0,
          "peak_rss_bytes": 128716800,
          "query": 0,
          "result": [
            "32",
            "9985",
            "106.25",
            "31"
          ],
          "round": 7,
          "wall_ns": 1174000
        },
        {
          "cpu_ns": 0,
          "peak_rss_bytes": 128716800,
          "query": 0,
          "result": [
            "32",
            "9985",
            "106.25",
            "31"
          ],
          "round": 8,
          "wall_ns": 1089800
        }
      ],
      "total_cpu_ns": 0,
      "total_wall_ns": 16460900,
      "warmup_wall_ns": 3693100
    }
  },
  "latin_schedule_digest": "5B13498A2D489E1B22ED392FA36D3AA986DDC9444A4CD5E416B5B5B64ACB4497",
  "ledger_example": {
    "baseline": 30,
    "candidate": 20,
    "candidate_write_query": 15,
    "shared": 100,
    "union_write_query": 10
  },
  "ledger_result": {
    "candidate": 85,
    "union": 90
  },
  "native_representation_checks": {
    "custom-v2-zstd-always-compressed": {
      "pass": true,
      "row_groups": true,
      "schema": true,
      "table": true
    },
    "custom-v2-zstd-threshold-0_9": {
      "pass": true,
      "row_groups": true,
      "schema": true,
      "table": true
    },
    "native-v1-zstd-dictionary": {
      "pass": true,
      "row_groups": true,
      "schema": true,
      "table": true
    },
    "native-v1-zstd-plain": {
      "pass": true,
      "row_groups": true,
      "schema": true,
      "table": true
    },
    "native-v2-zstd-bss": {
      "pass": true,
      "row_groups": true,
      "schema": true,
      "table": true
    },
    "native-v2-zstd-dictionary": {
      "pass": true,
      "row_groups": true,
      "schema": true,
      "table": true
    },
    "native-v2-zstd-plain": {
      "pass": true,
      "row_groups": true,
      "schema": true,
      "table": true
    }
  },
  "pass": true
}
