
File: D:\project\writing\reserch\stages\stageA\RISCV-ZCMP-CALLEESAVE-PUSHLIST-PARETODP\resume1\runs\natural\pilot\nettle-sha256__nettle-sha256__sha256_init\union\greedy_first_cost_32\linked.o
Format: elf32-littleriscv
Arch: riscv32
AddressSize: 32bit
LoadName: <Not found>
Sections [
  Section {
    Index: 0
    Name:  (0)
    Type: SHT_NULL (0x0)
    Flags [ (0x0)
    ]
    Address: 0x0
    Offset: 0x0
    Size: 0
    Link: 0
    Info: 0
    AddressAlignment: 0
    EntrySize: 0
  }
  Section {
    Index: 1
    Name: .text (1)
    Type: SHT_PROGBITS (0x1)
    Flags [ (0x6)
      SHF_ALLOC (0x2)
      SHF_EXECINSTR (0x4)
    ]
    Address: 0x0
    Offset: 0x34
    Size: 38
    Link: 0
    Info: 0
    AddressAlignment: 2
    EntrySize: 0
  }
  Section {
    Index: 2
    Name: .rela.text (7)
    Type: SHT_RELA (0x4)
    Flags [ (0x40)
      SHF_INFO_LINK (0x40)
    ]
    Address: 0x0
    Offset: 0x5C
    Size: 36
    Link: 6
    Info: 1
    AddressAlignment: 4
    EntrySize: 12
  }
  Section {
    Index: 3
    Name: .comment (18)
    Type: SHT_PROGBITS (0x1)
    Flags [ (0x30)
      SHF_MERGE (0x10)
      SHF_STRINGS (0x20)
    ]
    Address: 0x0
    Offset: 0x80
    Size: 106
    Link: 0
    Info: 0
    AddressAlignment: 1
    EntrySize: 1
  }
  Section {
    Index: 4
    Name: .riscv.attributes (27)
    Type: SHT_RISCV_ATTRIBUTES (0x70000003)
    Flags [ (0x0)
    ]
    Address: 0x0
    Offset: 0xEA
    Size: 86
    Link: 0
    Info: 0
    AddressAlignment: 1
    EntrySize: 0
  }
  Section {
    Index: 5
    Name: .note.GNU-stack (45)
    Type: SHT_PROGBITS (0x1)
    Flags [ (0x0)
    ]
    Address: 0x0
    Offset: 0x140
    Size: 0
    Link: 0
    Info: 0
    AddressAlignment: 1
    EntrySize: 0
  }
  Section {
    Index: 6
    Name: .symtab (61)
    Type: SHT_SYMTAB (0x2)
    Flags [ (0x0)
    ]
    Address: 0x0
    Offset: 0x140
    Size: 160
    Link: 8
    Info: 7
    AddressAlignment: 4
    EntrySize: 16
  }
  Section {
    Index: 7
    Name: .shstrtab (69)
    Type: SHT_STRTAB (0x3)
    Flags [ (0x0)
    ]
    Address: 0x0
    Offset: 0x1E0
    Size: 87
    Link: 0
    Info: 0
    AddressAlignment: 1
    EntrySize: 0
  }
  Section {
    Index: 8
    Name: .strtab (79)
    Type: SHT_STRTAB (0x3)
    Flags [ (0x0)
    ]
    Address: 0x0
    Offset: 0x237
    Size: 126
    Link: 0
    Info: 0
    AddressAlignment: 1
    EntrySize: 0
  }
]
Symbols [
  Symbol {
    Name:  (0)
    Value: 0x0
    Size: 0
    Binding: Local (0x0)
    Type: None (0x0)
    Other: 0
    Section: Undefined (0x0)
  }
  Symbol {
    Name: nettle-sha256.c (1)
    Value: 0x0
    Size: 0
    Binding: Local (0x0)
    Type: File (0x4)
    Other: 0
    Section: Absolute (0xFFF1)
  }
  Symbol {
    Name: $xrv32i2p1_m2p0_a2p1_c2p0_zmmul1p0_zaamo1p0_zalrsc1p0_zca1p0_zcmp1p0 (17)
    Value: 0x0
    Size: 0
    Binding: Local (0x0)
    Type: None (0x0)
    Other: 0
    Section: .text (0x1)
  }
  Symbol {
    Name: $d (86)
    Value: 0x0
    Size: 0
    Binding: Local (0x0)
    Type: None (0x0)
    Other: 0
    Section: .comment (0x3)
  }
  Symbol {
    Name: $d (89)
    Value: 0x0
    Size: 0
    Binding: Local (0x0)
    Type: None (0x0)
    Other: 0
    Section: Absolute (0xFFF1)
  }
  Symbol {
    Name: .text (0)
    Value: 0x0
    Size: 0
    Binding: Local (0x0)
    Type: Section (0x3)
    Other: 0
    Section: .text (0x1)
  }
  Symbol {
    Name: .comment (0)
    Value: 0x0
    Size: 0
    Binding: Local (0x0)
    Type: Section (0x3)
    Other: 0
    Section: .comment (0x3)
  }
  Symbol {
    Name: sha256_init (92)
    Value: 0x0
    Size: 38
    Binding: Global (0x1)
    Type: Function (0x2)
    Other: 0
    Section: .text (0x1)
  }
  Symbol {
    Name: sha256_init.H0 (104)
    Value: 0x0
    Size: 0
    Binding: Global (0x1)
    Type: None (0x0)
    Other [ (0x2)
      STV_HIDDEN (0x2)
    ]
    Section: Undefined (0x0)
  }
  Symbol {
    Name: memcpy (119)
    Value: 0x0
    Size: 0
    Binding: Global (0x1)
    Type: None (0x0)
    Other: 0
    Section: Undefined (0x0)
  }
]

