-- bolt project is disabled
-- clang project is enabled
-- clang-tools-extra project is disabled
-- cross-project-tests project is disabled
-- lld project is disabled
-- lldb project is disabled
-- mlir project is disabled
-- polly project is disabled
-- flang project is disabled
-- libc project is disabled
-- compiler-rt project is disabled
-- Doxygen disabled.
-- Could NOT find Backtrace (missing: Backtrace_LIBRARY Backtrace_INCLUDE_DIR) 
-- Failed to get errc messages
cmake.exe : Change Dir: '<LEGACY_LOCAL_PROJECT_ROOT>/stages/stageA/S5-OCCUPANCY-CLIFF-JOINTCODEGEN/resume3-r3d/build/att
empt2/CMakeFiles/CMakeTmp'
所在位置 行:2 字符: 1228
+ ... StartNew(); & $cmake @args *> "$d\artifacts\logs\configure-attempt2-c ...
+                 ~~~~~~~~~~~~~~~~~~~~~~~~~~~~~~~~~~~~~~~~~~~~~~~~~~~~~~~~~
    + CategoryInfo          : NotSpecified: (Change Dir: 'D:...Files/CMakeTmp':String) [], RemoteException
    + FullyQualifiedErrorId : NativeCommandError
 

Run Build Command(s): <LEGACY_LOCAL_PROJECT_ROOT>\stages\stageA\S5-OCCUPANCY-CLIFF-JOINTCODEGEN\revision1-resume2-stagea
\tools\python-packages\ninja-1.11.1.4.data\scripts\ninja.exe -v cmTC_8226a
[1/2] <LEGACY_LOCAL_PROJECT_ROOT>\stages\stageA\S5-OCCUPANCY-CLIFF-JOINTCODEGEN\revision1-resume2-stagea\tools\llvm-ming
w-20260616-ucrt-x86_64\bin\clang++.exe   -O3 -DNDEBUG -std=c++17 -MD -MT CMakeFiles/cmTC_8226a.dir/getErrc.cpp.obj -MF 
CMakeFiles\cmTC_8226a.dir\getErrc.cpp.obj.d -o CMakeFiles/cmTC_8226a.dir/getErrc.cpp.obj -c <LEGACY_LOCAL_PROJECT_ROOT>/
stages/stageA/S5-OCCUPANCY-CLIFF-JOINTCODEGEN/resume3-r3d/build/attempt2/CMakeFiles/CMakeTmp/getErrc.cpp
[2/2] C:\Windows\system32\cmd.exe /C "cd . && <LEGACY_LOCAL_PROJECT_ROOT>\stages\stageA\S5-OCCUPANCY-CLIFF-JOINTCODEGEN\
revision1-resume2-stagea\tools\llvm-mingw-20260616-ucrt-x86_64\bin\clang++.exe -O3 -DNDEBUG  CMakeFiles/cmTC_8226a.dir/
getErrc.cpp.obj -o cmTC_8226a.exe -Wl,--out-implib,libcmTC_8226a.dll.a -Wl,--major-image-version,0,--minor-image-versio
n,0  -lkernel32 -luser32 -lgdi32 -lwinspool -lshell32 -lole32 -loleaut32 -luuid -lcomdlg32 -ladvapi32 && cd ."


-- LLVM host triple: x86_64-w64-windows-gnu
-- Native target X86 is not selected; lli will not JIT code
-- Threads enabled.
-- Ninja version: 1.11.1.git.kitware.jobserver-1
-- Could NOT find OCaml (missing: OCAMLFIND OCAML_VERSION OCAML_STDLIB_PATH) 
-- OCaml bindings disabled.
-- LLVM default target triple: 
-- Precompiled headers enabled.
-- Targeting AMDGPU
-- Looking for sys/resource.h
-- Looking for sys/resource.h - not found
-- Looking for dlfcn.h
-- Looking for dlfcn.h - not found
-- Clang version: 24.0.0git
-- Performing Test HAVE_LINKER_FLAG_LONG_PLT
-- Performing Test HAVE_LINKER_FLAG_LONG_PLT - Failed
-- Could NOT find Perl (missing: PERL_EXECUTABLE) 
-- Found Python3: <LEGACY_LOCAL_PROJECT_ROOT>\stages\stageA\CVC5-ALETHE-SHAREMAP\resume1\toolchain\msys64\clang64\bin\python.exe (found version "3.14.7") found components: Interpreter
-- Not building llvm-mt.exe because libxml2 is not available
-- Configuring done (29.9s)
CMake Warning in <LEGACY_LOCAL_PROJECT_ROOT>/stages/stageA/S5-OCCUPANCY-CLIFF-JOINTCODEGEN/resume3-r3d/sources/llvm-proj
ect-1f112d62e1fa2c4f1a04887abd72da1ed61cf791/clang/lib/ScalableStaticAnalysis/Analyses/CMakeLists.txt:
  The object file directory

    <LEGACY_LOCAL_PROJECT_ROOT>/stages/stageA/S5-OCCUPANCY-CLIFF-JOINTCODEGEN/resume3-r3d/build/attempt2/tools/clang/lib
/ScalableStaticAnalysis/Analyses/CMakeFiles/obj.clangScalableStaticAnalysisAnalyses.dir/./

  has 205 characters.  The maximum full path to an object file is 250
  characters (see CMAKE_OBJECT_PATH_MAX).  Object file

    SharedLexicalRepresentation/EntitySourceLocationExtractor.cpp.obj

  cannot be safely placed under this directory.  The build may not work
  correctly.


CMake Warning in <LEGACY_LOCAL_PROJECT_ROOT>/stages/stageA/S5-OCCUPANCY-CLIFF-JOINTCODEGEN/resume3-r3d/sources/llvm-proj
ect-1f112d62e1fa2c4f1a04887abd72da1ed61cf791/clang/lib/ScalableStaticAnalysis/Core/CMakeLists.txt:
  The object file directory

    <LEGACY_LOCAL_PROJECT_ROOT>/stages/stageA/S5-OCCUPANCY-CLIFF-JOINTCODEGEN/resume3-r3d/build/attempt2/tools/clang/lib
/ScalableStaticAnalysis/Core/CMakeFiles/obj.clangScalableStaticAnalysisCore.dir/./

  has 197 characters.  The maximum full path to an object file is 250
  characters (see CMAKE_OBJECT_PATH_MAX).  Object file

    Serialization/JSONFormat/MultiArchStaticLibrary.cpp.obj

  cannot be safely placed under this directory.  The build may not work
  correctly.


CMake Warning in <LEGACY_LOCAL_PROJECT_ROOT>/stages/stageA/S5-OCCUPANCY-CLIFF-JOINTCODEGEN/resume3-r3d/sources/llvm-proj
ect-1f112d62e1fa2c4f1a04887abd72da1ed61cf791/clang/lib/ScalableStaticAnalysis/SourceTransformation/CMakeLists.txt:
  The object file directory

    <LEGACY_LOCAL_PROJECT_ROOT>/stages/stageA/S5-OCCUPANCY-CLIFF-JOINTCODEGEN/resume3-r3d/build/attempt2/tools/clang/lib
/ScalableStaticAnalysis/SourceTransformation/CMakeFiles/obj.clangScalableStaticAnalysisSourceTransformation.dir/./

  has 229 characters.  The maximum full path to an object file is 250
  characters (see CMAKE_OBJECT_PATH_MAX).  Object file

    YAMLSourceEditFormat.cpp.obj

  cannot be safely placed under this directory.  The build may not work
  correctly.


CMake Warning in <LEGACY_LOCAL_PROJECT_ROOT>/stages/stageA/S5-OCCUPANCY-CLIFF-JOINTCODEGEN/resume3-r3d/sources/llvm-proj
ect-1f112d62e1fa2c4f1a04887abd72da1ed61cf791/clang/unittests/ScalableStaticAnalysis/CMakeLists.txt:
  The object file directory

    <LEGACY_LOCAL_PROJECT_ROOT>/stages/stageA/S5-OCCUPANCY-CLIFF-JOINTCODEGEN/resume3-r3d/build/attempt2/tools/clang/uni
ttests/ScalableStaticAnalysis/CMakeFiles/ClangScalableAnalysisTests.dir/./

  has 189 characters.  The maximum full path to an object file is 250
  characters (see CMAKE_OBJECT_PATH_MAX).  Object file

    Analyses/TypeConstrainedPointers/TypeConstrainedPointersExtractorTest.cpp.obj

  cannot be safely placed under this directory.  The build may not work
  correctly.


-- Generating done (8.0s)
-- Build files have been written to: <LEGACY_LOCAL_PROJECT_ROOT>/stages/stageA/S5-OCCUPANCY-CLIFF-JOINTCODEGEN/resume3-r3d/build/attempt2
