-- The C compiler identification is Clang 22.1.8
-- The CXX compiler identification is Clang 22.1.8
-- The ASM compiler identification is Clang with GNU-like command-line
-- Found assembler: <LEGACY_LOCAL_PROJECT_ROOT>/stages/stageA/S5-OCCUPANCY-CLIFF-JOINTCODEGEN/revision1-resume2-stagea/tools/llvm-mingw-20260616-ucrt-x86_64/bin/clang.exe
-- Detecting C compiler ABI info
-- Detecting C compiler ABI info - done
-- Check for working C compiler: <LEGACY_LOCAL_PROJECT_ROOT>/stages/stageA/S5-OCCUPANCY-CLIFF-JOINTCODEGEN/revision1-resume2-stagea/tools/llvm-mingw-20260616-ucrt-x86_64/bin/clang.exe - skipped
-- Detecting C compile features
-- Detecting C compile features - done
-- Detecting CXX compiler ABI info
-- Detecting CXX compiler ABI info - done
-- Check for working CXX compiler: <LEGACY_LOCAL_PROJECT_ROOT>/stages/stageA/S5-OCCUPANCY-CLIFF-JOINTCODEGEN/revision1-resume2-stagea/tools/llvm-mingw-20260616-ucrt-x86_64/bin/clang++.exe - skipped
-- Detecting CXX compile features
-- Detecting CXX compile features - done
-- Doxygen disabled.
cmake.exe : CMake Error at <LEGACY_LOCAL_PROJECT_ROOT>/stages/stageA/S5-OCCUPANCY-CLIFF-JOINTCODEGEN/revision1-resume2-s
tagea/tools/python-packages/cmake/data/share/cmake-4.1/Modules/FindPackageHandleStandardArgs.cmake:227 (message):
所在位置 行:2 字符: 1171
+ ... StartNew(); & $cmake @args *> "$d\artifacts\logs\configure-attempt1.l ...
+                 ~~~~~~~~~~~~~~~~~~~~~~~~~~~~~~~~~~~~~~~~~~~~~~~~~~~~~~~~~
    + CategoryInfo          : NotSpecified: (CMake Error at ...:227 (message)::String) [], RemoteException
    + FullyQualifiedErrorId : NativeCommandError
 
  Could NOT find Python3 (missing: Python3_EXECUTABLE Interpreter) (Required
  is at least version "3.8")

      Reason given by package: 
          Interpreter: Cannot use the interpreter "<LOCAL_USER_HOME>/AppData/Local/Programs/Python/Python312/python.exe"

Call Stack (most recent call first):
  <LEGACY_LOCAL_PROJECT_ROOT>/stages/stageA/S5-OCCUPANCY-CLIFF-JOINTCODEGEN/revision1-resume2-stagea/tools/python-packag
es/cmake/data/share/cmake-4.1/Modules/FindPackageHandleStandardArgs.cmake:591 (_FPHSA_FAILURE_MESSAGE)
  <LEGACY_LOCAL_PROJECT_ROOT>/stages/stageA/S5-OCCUPANCY-CLIFF-JOINTCODEGEN/revision1-resume2-stagea/tools/python-packag
es/cmake/data/share/cmake-4.1/Modules/FindPython/Support.cmake:4162 (find_package_handle_standard_args)
  <LEGACY_LOCAL_PROJECT_ROOT>/stages/stageA/S5-OCCUPANCY-CLIFF-JOINTCODEGEN/revision1-resume2-stagea/tools/python-packag
es/cmake/data/share/cmake-4.1/Modules/FindPython3.cmake:656 (include)
  CMakeLists.txt:1077 (find_package)


-- Configuring incomplete, errors occurred!
