-- The C compiler identification is Clang 22.1.8
-- The CXX compiler identification is Clang 22.1.8
-- The ASM compiler identification is Clang with GNU-like command-line
-- Found assembler: <LEGACY_LOCAL_PROJECT_ROOT>/stages/stageA/S5-OCCUPANCY-CLIFF-JOINTCODEGEN/revision1-resume2-stagea/tools/llvm-mingw-20260616-ucrt-x86_64/bin/clang.exe
-- Detecting C compiler ABI info
-- Detecting C compiler ABI info - done
-- Check for working C compiler: <LEGACY_LOCAL_PROJECT_ROOT>/stages/stageA/S5-OCCUPANCY-CLIFF-JOINTCODEGEN/revision1-resume2-stagea/tools/llvm-mingw-20260616-ucrt-x86_64/bin/clang.exe - skipped
-- Detecting C compile features
-- Detecting C compile features - done
-- Detecting CXX compiler ABI info
-- Detecting CXX compiler ABI info - done
-- Check for working CXX compiler: <LEGACY_LOCAL_PROJECT_ROOT>/stages/stageA/S5-OCCUPANCY-CLIFF-JOINTCODEGEN/revision1-resume2-stagea/tools/llvm-mingw-20260616-ucrt-x86_64/bin/clang++.exe - skipped
-- Detecting CXX compile features
-- Detecting CXX compile features - done
-- Doxygen disabled.
-- Found Python3: <LEGACY_LOCAL_PROJECT_ROOT>\stages\stageA\CVC5-ALETHE-SHAREMAP\resume1\toolchain\msys64\clang64\bin\python.exe (found suitable version "3.14.7", minimum required is "3.8") found components: Interpreter
-- Performing Test LLVM_LIBSTDCXX_MIN
-- Performing Test LLVM_LIBSTDCXX_MIN - Success
-- Performing Test LLVM_LIBSTDCXX_SOFT_ERROR
-- Performing Test LLVM_LIBSTDCXX_SOFT_ERROR - Success
-- Looking for __GLIBC__
-- Looking for __GLIBC__ - not found
-- Looking for valgrind/valgrind.h
-- Looking for valgrind/valgrind.h - not found
-- Looking for FE_ALL_EXCEPT
-- Looking for FE_ALL_EXCEPT - found
-- Looking for FE_INEXACT
-- Looking for FE_INEXACT - found
-- Performing Test HAVE_BUILTIN_THREAD_POINTER
-- Performing Test HAVE_BUILTIN_THREAD_POINTER - Failed
-- Looking for CrashReporterClient.h
-- Looking for CrashReporterClient.h - not found
-- Looking for pfm_initialize in pfm
-- Looking for pfm_initialize in pfm - not found
-- Looking for arc4random
-- Looking for arc4random - not found
-- Looking for backtrace
-- Looking for backtrace - not found
-- Could NOT find Backtrace (missing: Backtrace_LIBRARY Backtrace_INCLUDE_DIR) 
-- Performing Test C_SUPPORTS_WERROR_UNGUARDED_AVAILABILITY_NEW
-- Performing Test C_SUPPORTS_WERROR_UNGUARDED_AVAILABILITY_NEW - Success
-- Looking for __register_frame
-- Looking for __register_frame - not found
-- Looking for __deregister_frame
-- Looking for __deregister_frame - not found
-- Looking for __unw_add_dynamic_fde
-- Looking for __unw_add_dynamic_fde - not found
-- Looking for _Unwind_Backtrace
-- Looking for _Unwind_Backtrace - found
-- Looking for getpagesize
-- Looking for getpagesize - not found
-- Looking for sysconf
-- Looking for sysconf - not found
-- Looking for getrusage
-- Looking for getrusage - not found
-- Looking for isatty
-- Looking for isatty - found
-- Looking for futimens
-- Looking for futimens - not found
-- Looking for futimes
-- Looking for futimes - not found
-- Looking for getauxval
-- Looking for getauxval - not found
-- Looking for sigaltstack
-- Looking for sigaltstack - not found
-- Looking for mallctl
-- Looking for mallctl - not found
-- Looking for mallinfo
-- Looking for mallinfo - not found
-- Looking for mallinfo2
-- Looking for mallinfo2 - not found
-- Looking for malloc_zone_statistics
-- Looking for malloc_zone_statistics - not found
-- Looking for posix_spawn
-- Looking for posix_spawn - not found
-- Looking for pread
-- Looking for pread - not found
-- Looking for sbrk
-- Looking for sbrk - not found
-- Looking for strerror_r
-- Looking for strerror_r - not found
-- Looking for strerror_s
-- Looking for strerror_s - found
-- Looking for setenv
-- Looking for setenv - not found
-- Looking for _chsize_s
-- Looking for _chsize_s - found
-- Looking for _alloca
-- Looking for _alloca - not found
-- Looking for __alloca
-- Looking for __alloca - not found
-- Looking for __chkstk
-- Looking for __chkstk - not found
-- Looking for __chkstk_ms
-- Looking for __chkstk_ms - not found
-- Looking for ___chkstk
-- Looking for ___chkstk - not found
-- Looking for ___chkstk_ms
-- Looking for ___chkstk_ms - found
-- Looking for __ashldi3
-- Looking for __ashldi3 - found
-- Looking for __ashrdi3
-- Looking for __ashrdi3 - found
-- Looking for __divdi3
-- Looking for __divdi3 - found
-- Looking for __fixdfdi
-- Looking for __fixdfdi - found
-- Looking for __fixsfdi
-- Looking for __fixsfdi - found
-- Looking for __floatdidf
-- Looking for __floatdidf - found
-- Looking for __lshrdi3
-- Looking for __lshrdi3 - found
-- Looking for __moddi3
-- Looking for __moddi3 - found
-- Looking for __udivdi3
-- Looking for __udivdi3 - found
-- Looking for __umoddi3
-- Looking for __umoddi3 - found
-- Looking for __main
-- Looking for __main - found
-- Looking for __cmpdi2
-- Looking for __cmpdi2 - found
-- Performing Test HAVE_STRUCT_STAT_ST_MTIMESPEC_TV_NSEC
-- Performing Test HAVE_STRUCT_STAT_ST_MTIMESPEC_TV_NSEC - Failed
-- Performing Test HAVE_STRUCT_STAT_ST_MTIM_TV_NSEC
-- Performing Test HAVE_STRUCT_STAT_ST_MTIM_TV_NSEC - Failed
-- Looking for proc_pid_rusage
-- Looking for proc_pid_rusage - not found
-- Performing Test HAVE_CXX_ATOMICS_WITHOUT_LIB
-- Performing Test HAVE_CXX_ATOMICS_WITHOUT_LIB - Success
-- Performing Test HAVE_CXX_ATOMICS64_WITHOUT_LIB
-- Performing Test HAVE_CXX_ATOMICS64_WITHOUT_LIB - Success
-- Performing Test LLVM_HAS_ATOMICS
-- Performing Test LLVM_HAS_ATOMICS - Success
-- Failed to get errc messages
cmake.exe : Change Dir: '<LEGACY_LOCAL_PROJECT_ROOT>/stages/stageA/S5-OCCUPANCY-CLIFF-JOINTCODEGEN/resume3-r3d/build/att
empt2/CMakeFiles/CMakeTmp'
所在位置 行:2 字符: 1294
+ ... StartNew(); & $cmake @args *> "$d\artifacts\logs\configure-attempt2.l ...
+                 ~~~~~~~~~~~~~~~~~~~~~~~~~~~~~~~~~~~~~~~~~~~~~~~~~~~~~~~~~
    + CategoryInfo          : NotSpecified: (Change Dir: 'D:...Files/CMakeTmp':String) [], RemoteException
    + FullyQualifiedErrorId : NativeCommandError
 

Run Build Command(s): <LEGACY_LOCAL_PROJECT_ROOT>\stages\stageA\S5-OCCUPANCY-CLIFF-JOINTCODEGEN\revision1-resume2-stagea
\tools\python-packages\ninja-1.11.1.4.data\scripts\ninja.exe -v cmTC_2e2d8
[1/2] <LEGACY_LOCAL_PROJECT_ROOT>\stages\stageA\S5-OCCUPANCY-CLIFF-JOINTCODEGEN\revision1-resume2-stagea\tools\llvm-ming
w-20260616-ucrt-x86_64\bin\clang++.exe   -O3 -DNDEBUG -std=c++17 -MD -MT CMakeFiles/cmTC_2e2d8.dir/getErrc.cpp.obj -MF 
CMakeFiles\cmTC_2e2d8.dir\getErrc.cpp.obj.d -o CMakeFiles/cmTC_2e2d8.dir/getErrc.cpp.obj -c <LEGACY_LOCAL_PROJECT_ROOT>/
stages/stageA/S5-OCCUPANCY-CLIFF-JOINTCODEGEN/resume3-r3d/build/attempt2/CMakeFiles/CMakeTmp/getErrc.cpp
[2/2] C:\Windows\system32\cmd.exe /C "cd . && <LEGACY_LOCAL_PROJECT_ROOT>\stages\stageA\S5-OCCUPANCY-CLIFF-JOINTCODEGEN\
revision1-resume2-stagea\tools\llvm-mingw-20260616-ucrt-x86_64\bin\clang++.exe -O3 -DNDEBUG  CMakeFiles/cmTC_2e2d8.dir/
getErrc.cpp.obj -o cmTC_2e2d8.exe -Wl,--out-implib,libcmTC_2e2d8.dll.a -Wl,--major-image-version,0,--minor-image-versio
n,0  -lkernel32 -luser32 -lgdi32 -lwinspool -lshell32 -lole32 -loleaut32 -luuid -lcomdlg32 -ladvapi32 && cd ."


-- LLVM host triple: x86_64-w64-windows-gnu
-- Native target X86 is not selected; lli will not JIT code
-- Threads enabled.
-- Ninja version: 1.11.1.git.kitware.jobserver-1
-- Could NOT find OCaml (missing: OCAMLFIND OCAML_VERSION OCAML_STDLIB_PATH) 
-- OCaml bindings disabled.
-- Could NOT find Python module pygments
-- Could NOT find Python module pygments.lexers.c_cpp
-- Could NOT find Python module yaml
-- LLVM default target triple: 
-- Performing Test SUPPORTS_LIBCXX_HARDENING_MODE
-- Performing Test SUPPORTS_LIBCXX_HARDENING_MODE - Success
-- Performing Test LLVM_USES_LIBSTDCXX
-- Performing Test LLVM_USES_LIBSTDCXX - Failed
-- Performing Test LLVM_DEFAULT_TO_GLIBCXX_USE_CXX11_ABI
-- Performing Test LLVM_DEFAULT_TO_GLIBCXX_USE_CXX11_ABI - Failed
-- Performing Test SUPPORTS_FVISIBILITY_INLINES_HIDDEN_FLAG
-- Performing Test SUPPORTS_FVISIBILITY_INLINES_HIDDEN_FLAG - Success
-- Performing Test C_SUPPORTS_CXX98_COMPAT_EXTRA_SEMI_FLAG
-- Performing Test C_SUPPORTS_CXX98_COMPAT_EXTRA_SEMI_FLAG - Success
-- Performing Test CXX_SUPPORTS_CXX98_COMPAT_EXTRA_SEMI_FLAG
-- Performing Test CXX_SUPPORTS_CXX98_COMPAT_EXTRA_SEMI_FLAG - Success
-- Performing Test CXX_SUPPORTS_SUGGEST_OVERRIDE_FLAG
-- Performing Test CXX_SUPPORTS_SUGGEST_OVERRIDE_FLAG - Success
-- Performing Test CXX_WSUGGEST_OVERRIDE_ALLOWS_ONLY_FINAL
-- Performing Test CXX_WSUGGEST_OVERRIDE_ALLOWS_ONLY_FINAL - Success
-- Performing Test C_WCOMMENT_ALLOWS_LINE_WRAP
-- Performing Test C_WCOMMENT_ALLOWS_LINE_WRAP - Success
-- Performing Test C_SUPPORTS_MISLEADING_INDENTATION_FLAG
-- Performing Test C_SUPPORTS_MISLEADING_INDENTATION_FLAG - Success
-- Performing Test CXX_SUPPORTS_MISLEADING_INDENTATION_FLAG
-- Performing Test CXX_SUPPORTS_MISLEADING_INDENTATION_FLAG - Success
-- Performing Test C_SUPPORTS_CTAD_MAYBE_UNSUPPORTED_FLAG
-- Performing Test C_SUPPORTS_CTAD_MAYBE_UNSUPPORTED_FLAG - Success
-- Performing Test CXX_SUPPORTS_CTAD_MAYBE_UNSUPPORTED_FLAG
-- Performing Test CXX_SUPPORTS_CTAD_MAYBE_UNSUPPORTED_FLAG - Success
-- Precompiled headers enabled.
-- Looking for os_signpost_interval_begin
-- Looking for os_signpost_interval_begin - not found
-- Looking for flock
-- Looking for flock - not found
-- Performing Test LLVM_LINKER_SUPPORTS_B_SYMBOLIC_FUNCTIONS
-- Performing Test LLVM_LINKER_SUPPORTS_B_SYMBOLIC_FUNCTIONS - Failed
-- Performing Test HAS_WERROR_GLOBAL_CTORS
-- Performing Test HAS_WERROR_GLOBAL_CTORS - Success
-- Performing Test LLVM_HAS_NOGLOBAL_CTOR_MUTEX
-- Performing Test LLVM_HAS_NOGLOBAL_CTOR_MUTEX - Failed
-- Looking for __x86_64__
-- Looking for __x86_64__ - found
-- Found Git: C:/Program Files/Git/cmd/git.exe (found version "2.53.0.windows.3")
-- Looking for logf128
-- Looking for logf128 - not found
-- Targeting AMDGPU
-- Not building llvm-mt.exe because libxml2 is not available
-- Configuring done (70.2s)
-- Generating done (5.3s)
CMake Warning:
  Manually-specified variables were not used by the project:

    LLVM_ENABLE_TERMINFO


-- Build files have been written to: <LEGACY_LOCAL_PROJECT_ROOT>/stages/stageA/S5-OCCUPANCY-CLIFF-JOINTCODEGEN/resume3-r3d/build/attempt2
