
File: <LEGACY_LOCAL_PROJECT_ROOT>\stages\stageA\RISCV-ZCMP-CALLEESAVE-PUSHLIST-PARETODP\resume1\runs\preclaim\current_union_grid\greedy_shrink_on\witness.elf
Format: elf32-littleriscv
Arch: riscv32
AddressSize: 32bit
LoadName: <Not found>
Sections [
  Section {
    Index: 0
    Name:  (0)
    Type: SHT_NULL (0x0)
    Flags [ (0x0)
    ]
    Address: 0x0
    Offset: 0x0
    Size: 0
    Link: 0
    Info: 0
    AddressAlignment: 0
    EntrySize: 0
  }
  Section {
    Index: 1
    Name: .eh_frame (1)
    Type: SHT_PROGBITS (0x1)
    Flags [ (0x2)
      SHF_ALLOC (0x2)
    ]
    Address: 0x100D4
    Offset: 0xD4
    Size: 52
    Link: 0
    Info: 0
    AddressAlignment: 4
    EntrySize: 0
  }
  Section {
    Index: 2
    Name: .text (11)
    Type: SHT_PROGBITS (0x1)
    Flags [ (0x6)
      SHF_ALLOC (0x2)
      SHF_EXECINSTR (0x4)
    ]
    Address: 0x11108
    Offset: 0x108
    Size: 30
    Link: 0
    Info: 0
    AddressAlignment: 2
    EntrySize: 0
  }
  Section {
    Index: 3
    Name: .riscv.attributes (17)
    Type: SHT_RISCV_ATTRIBUTES (0x70000003)
    Flags [ (0x0)
    ]
    Address: 0x0
    Offset: 0x126
    Size: 86
    Link: 0
    Info: 0
    AddressAlignment: 1
    EntrySize: 0
  }
  Section {
    Index: 4
    Name: .comment (35)
    Type: SHT_PROGBITS (0x1)
    Flags [ (0x30)
      SHF_MERGE (0x10)
      SHF_STRINGS (0x20)
    ]
    Address: 0x0
    Offset: 0x17C
    Size: 19
    Link: 0
    Info: 0
    AddressAlignment: 1
    EntrySize: 1
  }
  Section {
    Index: 5
    Name: .symtab (44)
    Type: SHT_SYMTAB (0x2)
    Flags [ (0x0)
    ]
    Address: 0x0
    Offset: 0x190
    Size: 160
    Link: 7
    Info: 8
    AddressAlignment: 4
    EntrySize: 16
  }
  Section {
    Index: 6
    Name: .shstrtab (52)
    Type: SHT_STRTAB (0x3)
    Flags [ (0x0)
    ]
    Address: 0x0
    Offset: 0x230
    Size: 70
    Link: 0
    Info: 0
    AddressAlignment: 1
    EntrySize: 0
  }
  Section {
    Index: 7
    Name: .strtab (62)
    Type: SHT_STRTAB (0x3)
    Flags [ (0x0)
    ]
    Address: 0x0
    Offset: 0x276
    Size: 180
    Link: 0
    Info: 0
    AddressAlignment: 1
    EntrySize: 0
  }
]
.eh_frame section at offset 0xd4 address 0x100d4:
  [0x100d4] CIE length=16
    version: 1
    augmentation: zR
    code_alignment_factor: 1
    data_alignment_factor: -4
    return_address_register: 1

    Program:
      DW_CFA_def_cfa: reg2 +0

  [0x100e8] FDE length=24 cie=[0x100d4]
    initial_location: 0x11108
    address_range: 0x12 (end : 0x1111a)

    Program:
      DW_CFA_advance_loc: 2 to 0x1110a
      DW_CFA_def_cfa_offset: +16
      DW_CFA_offset: reg1 -12
      DW_CFA_offset: reg8 -8
      DW_CFA_offset: reg9 -4
      DW_CFA_nop:
      DW_CFA_nop:

  [0x10104] CIE length=0
    version: 0
    augmentation: 
    code_alignment_factor: 0
    data_alignment_factor: 0
    return_address_register: 0

    Program:

Symbols [
  Symbol {
    Name:  (0)
    Value: 0x0
    Size: 0
    Binding: Local (0x0)
    Type: None (0x0)
    Other: 0
    Section: Undefined (0x0)
  }
  Symbol {
    Name: witness.ll (1)
    Value: 0x0
    Size: 0
    Binding: Local (0x0)
    Type: File (0x4)
    Other: 0
    Section: Absolute (0xFFF1)
  }
  Symbol {
    Name: .L0  (12)
    Value: 0x11108
    Size: 0
    Binding: Local (0x0)
    Type: None (0x0)
    Other: 0
    Section: .text (0x2)
  }
  Symbol {
    Name: $xrv32i2p1_m2p0_a2p1_c2p0_zmmul1p0_zaamo1p0_zalrsc1p0_zca1p0_zcmp1p0 (17)
    Value: 0x11108
    Size: 0
    Binding: Local (0x0)
    Type: None (0x0)
    Other: 0
    Section: .text (0x2)
  }
  Symbol {
    Name: $d (86)
    Value: 0x0
    Size: 0
    Binding: Local (0x0)
    Type: None (0x0)
    Other: 0
    Section: Absolute (0xFFF1)
  }
  Symbol {
    Name: $d (89)
    Value: 0x100D4
    Size: 0
    Binding: Local (0x0)
    Type: None (0x0)
    Other: 0
    Section: .eh_frame (0x1)
  }
  Symbol {
    Name: $xrv32i2p1_m2p0_a2p1_c2p0_zmmul1p0_zaamo1p0_zalrsc1p0_zca1p0_zcmp1p0 (92)
    Value: 0x1111A
    Size: 0
    Binding: Local (0x0)
    Type: None (0x0)
    Other: 0
    Section: .text (0x2)
  }
  Symbol {
    Name: $d (161)
    Value: 0x0
    Size: 0
    Binding: Local (0x0)
    Type: None (0x0)
    Other: 0
    Section: Absolute (0xFFF1)
  }
  Symbol {
    Name: witness (164)
    Value: 0x11108
    Size: 18
    Binding: Global (0x1)
    Type: Function (0x2)
    Other: 0
    Section: .text (0x2)
  }
  Symbol {
    Name: clobber (172)
    Value: 0x1111A
    Size: 12
    Binding: Global (0x1)
    Type: Function (0x2)
    Other: 0
    Section: .text (0x2)
  }
]

